want 1494 files (21 already present)
archive size 64.9 GB
FULL mode: 16 workers x 4.1 GB
  [w15] + 5wwi.npz (79 KB)
  [w1] + 5vvp.npz (76 KB)
  [w7] + 2clv.npz (77 KB)
  [w1] + 4prp.npz (158 KB)
  [w9] + 8fhu.npz (77 KB)
  [w5] + 3b6s.npz (78 KB)
  [w3] + 5wli.npz (78 KB)
  [w7] + 3e3q.npz (79 KB)
  [w3] + 3qul.npz (76 KB)
  [w15] + 6d29.npz (76 KB)
  [w5] + 5h5z.npz (75 KB)
  [w1] + 8gqw.npz (77 KB)
  [w4] + 4wj5.npz (78 KB)
  [w11] + 2zol.npz (75 KB)
  [w11] + 3qzw.npz (118 KB)
  [w3] + 4no3.npz (78 KB)
  [w4] + 3hpj.npz (78 KB)
  [w11] + 5eu3.npz (78 KB)
  [w7] + 2bnr.npz (157 KB)
  [w7] + 4no2.npz (78 KB)
  [w14] + 1zhl.npz (77 KB)
  [w11] + 6h6d.npz (81 KB)
  [w11] + 5trz.npz (151 KB)
  [w7] + 7x00.npz (77 KB)
  [w1] + 1yn6.npz (77 KB)
  [w6] + 5c0c.npz (166 KB)
  [w13] + 1ed3.npz (77 KB)
  [w11] + 3mrr.npz (77 KB)
  [w3] + 3lkp.npz (77 KB)
  [w7] + 3lkq.npz (77 KB)
  [w13] + 7m8u.npz (77 KB)
  [w5] + 1cg9.npz (77 KB)
  [w5] + 5iue.npz (81 KB)
  [w2] + 3tbv.npz (78 KB)
  [w13] + 3lko.npz (77 KB)
  [w5] + 1mi5.npz (156 KB)
  [w0] + 3oxr.npz (76 KB)
  [w13] + 7mja.npz (78 KB)
  [w3] + 5nmh.npz (78 KB)
  [w6] + 2f74.npz (77 KB)
  [w1] + 3rl1.npz (76 KB)
  [w3] + 5vcl.npz (78 KB)
  [w2] + 6o4z.npz (76 KB)
  [w7] + 1p7q.npz (109 KB)
  [w15] + 7pbc.npz (150 KB)
  [w11] + 1rjy.npz (77 KB)
  [w1] + 7ssh.npz (94 KB)
  [w10] + 6gh1.npz (78 KB)
  [w15] + 8elg.npz (77 KB)
  [w4] + 7p3e.npz (77 KB)
  [w0] + 7p0a.npz (72 KB)
  [w3] + 1w0v.npz (77 KB)
  [w14] + 6vq2.npz (78 KB)
  [w7] + 3ws6.npz (76 KB)
  [w11] + 3gsw.npz (76 KB)
  [w12] + 8es8.npz (291 KB)
  [w0] + 3x11.npz (76 KB)
  [w2] + 3l3g.npz (78 KB)
  [w7] + 3cdg.npz (122 KB)
  [w7] + 1w0w.npz (77 KB)
  [w8] + 3rwe.npz (78 KB)
  [w3] + 7xqs.npz (83 KB)
  [w3] + 6bj2.npz (156 KB)
  [w5] + 4lnr.npz (77 KB)
  [w12] + 6ssa.npz (78 KB)
  [w12] + 3qq3.npz (76 KB)
  [w3] + 3vrj.npz (78 KB)
  [w8] + 6tdr.npz (76 KB)
  [w12] + 8e2z.npz (76 KB)
  [w3] + 7mj9.npz (76 KB)
  [w1] + 3h9h.npz (78 KB)
  [w11] + 6mt4.npz (78 KB)
  [w1] + 6irl.npz (75 KB)
  [w14] + 2fz3.npz (77 KB)
  [w10] + 6p2c.npz (77 KB)
  [w15] + 6vb6.npz (77 KB)
  [w10] + 3bzf.npz (76 KB)
  [w7] + 6bj3.npz (158 KB)
  [w6] + 5oqh.npz (77 KB)
  [w12] + 1mhc.npz (77 KB)
  [w14] + 8tq9.npz (160 KB)
  [w12] + 3bev.npz (75 KB)
  [w15] + 1s7u.npz (79 KB)
  [w9] + 7dzm.npz (168 KB)
  [w1] + 5wwj.npz (77 KB)
  [w12] + 7u21.npz (76 KB)
  [w8] + 7u1r.npz (81 KB)
  [w12] + 3ft3.npz (76 KB)
  [w9] + 5enw.npz (77 KB)
  [w11] + 4prn.npz (77 KB)
  [w4] + 6vr5.npz (77 KB)
  [w15] + 4g8i.npz (78 KB)
  [w1] + 6mtm.npz (157 KB)
  [w2] + 6kwl.npz (76 KB)
  [w3] + 6jq3.npz (75 KB)
  [w1] + 5eu6.npz (161 KB)
  [w3] + 7cis.npz (84 KB)
  [w5] + 7n1e.npz (158 KB)
  [w6] + 3vxs.npz (158 KB)
  [w8] + 3utq.npz (76 KB)
  [w4] + 3qdm.npz (158 KB)
  [w15] + 7stg.npz (94 KB)
  [w15] + 3wlb.npz (76 KB)
  [w1] + 7lgd.npz (77 KB)
  [w5] + 2x70.npz (79 KB)
  [w11] + 5euo.npz (155 KB)
  [w2] + 4u1s.npz (80 KB)
  [w15] + 3fqn.npz (77 KB)
  [w4] + 2cik.npz (76 KB)
  [w4] + 6tro.npz (159 KB)
  [w13] + 5inc.npz (77 KB)
  [w7] + 2esv.npz (159 KB)
  [w4] + 6j2a.npz (76 KB)
  [w11] + 7kgp.npz (77 KB)
  [w4] + 5t7g.npz (78 KB)
  [w14] + 1fzk.npz (79 KB)
  [w13] + 4g42.npz (75 KB)
  [w0] + 7pb2.npz (155 KB)
  [w11] + 2bvp.npz (77 KB)
  [w7] + 1vgk.npz (77 KB)
  [w14] + 3sjv.npz (156 KB)
  [w5] + 3fqw.npz (76 KB)
  [w5] + 4d0d.npz (76 KB)
  [w5] + 1xr8.npz (78 KB)
  [w15] + 7duu.npz (110 KB)
  [w12] + 7tue.npz (150 KB)
  [w0] + 3h7b.npz (78 KB)
  [w7] + 7mj8.npz (77 KB)
  [w3] + 7nui.npz (84 KB)
  [w2] + 5wet.npz (77 KB)
  [w14] + 6uj7.npz (80 KB)
  [w9] + 3vfr.npz (78 KB)
  [w8] + 1rk1.npz (77 KB)
  [w15] + 1x7q.npz (77 KB)
  [w4] + 8hso.npz (75 KB)
  [w4] + 4jfd.npz (160 KB)
  [w9] + 6uln.npz (158 KB)
  [w5] + 8ht1.npz (74 KB)
  [w0] + 1bqh.npz (121 KB)
  [w7] + 7cir.npz (84 KB)
  [w11] + 6eqb.npz (159 KB)
  [w6] + 1hhj.npz (76 KB)
  [w11] + 1s9w.npz (78 KB)
  [w4] + 5f1n.npz (78 KB)
  [w2] + 5wlg.npz (154 KB)
  [w2] + 2bss.npz (77 KB)
  [w8] + 5t6y.npz (78 KB)
  [w0] + 3fqx.npz (77 KB)
  [w1] + 7p0t.npz (72 KB)
  [w12] + 3vxm.npz (159 KB)
  [w5] + 6vqy.npz (78 KB)
  [w12] + 3lv3.npz (78 KB)
  [w7] + 6jq2.npz (73 KB)
  [w15] + 6z9v.npz (79 KB)
  [w15] + 6wzy.npz (79 KB)
  [w10] + 6vr1.npz (78 KB)
  [w13] + 3bhb.npz (77 KB)
  [w14] + 6pyv.npz (76 KB)
  [w1] + 5mzm.npz (78 KB)
  [w5] + 5wmr.npz (76 KB)
  [w6] + 1bd2.npz (152 KB)
  [w8] + 7jyu.npz (76 KB)
  [w10] + 5xot.npz (158 KB)
  [w13] + 7ji2.npz (77 KB)
  [w5] + 3mv8.npz (159 KB)
  [w0] + 6bxp.npz (77 KB)
  [w4] + 6mpp.npz (343 KB)
  [w11] + 3mri.npz (77 KB)
  [w6] + 4u1i.npz (78 KB)
  [w11] + 6l9m.npz (76 KB)
  [w2] + 4i4w.npz (80 KB)
  [w3] + 1qsf.npz (156 KB)
  [w0] + 3mv7.npz (159 KB)
  [w1] + 7l1b.npz (82 KB)
  [w9] + 5gjx.npz (76 KB)
  [w13] + 3mgt.npz (77 KB)
  [w4] + 7n2n.npz (173 KB)
  [w15] + 5brz.npz (158 KB)
  [w0] + 2p5e.npz (159 KB)
  [w14] + 6zky.npz (154 KB)
  [w3] + 5vge.npz (77 KB)
  [w3] + 8cx4.npz (173 KB)
  [w15] + 7wbg.npz (80 KB)
  [w13] + 7lfz.npz (76 KB)
  [w8] + 4u1m.npz (81 KB)
  [w4] + 3nwm.npz (79 KB)
  [w6] + 7t0l.npz (153 KB)
  [w3] + 1ao7.npz (141 KB)
  [w11] + 4jqv.npz (77 KB)
  [w13] + 7zuc.npz (77 KB)
  [w12] + 3buy.npz (77 KB)
  [w9] + 1zt7.npz (77 KB)
  [w6] + 5y91.npz (76 KB)
  [w0] + 6zkz.npz (155 KB)
  [w15] + 4uq3.npz (78 KB)
  [w11] + 1ogt.npz (78 KB)
  [w10] + 3kpr.npz (157 KB)
  [w10] + 3e6h.npz (76 KB)
  [w6] + 8e8i.npz (77 KB)
  [w9] + 5hho.npz (157 KB)
  [w9] + 2c7u.npz (74 KB)
  [w15] + 8fjb.npz (150 KB)
  [w10] + 2f54.npz (153 KB)
  [w5] + 7kgt.npz (77 KB)
  [w11] + 7rk7.npz (151 KB)
  [w7] + 4no5.npz (77 KB)
  [w7] + 5v5l.npz (77 KB)
  [w0] + 2ypk.npz (76 KB)
  [w0] + 7rrg.npz (159 KB)
  [w10] + 6amt.npz (76 KB)
  [w2] + 5mer.npz (78 KB)
  [w9] + 6wl4.npz (85 KB)
  [w0] + 3d39.npz (158 KB)
  [w5] + 6ilf.npz (76 KB)
  [w4] + 6rpa.npz (151 KB)
  [w2] + 3cii.npz (122 KB)
  [w13] + 2yez.npz (77 KB)
  [w8] + 7rm4.npz (161 KB)
  [w13] + 6vpz.npz (78 KB)
  [w10] + 6j2e.npz (79 KB)
  [w6] + 6eny.npz (203 KB)
  [w6] + 6vmx.npz (158 KB)
  [w9] + 2clr.npz (76 KB)
  [w15] + 7sig.npz (80 KB)
  [w3] + 6ss7.npz (77 KB)
  [w5] + 4jfq.npz (80 KB)
  [w8] + 5til.npz (145 KB)
  [w3] + 1wby.npz (77 KB)
  [w13] + 7eu2.npz (80 KB)
  [w7] + 1t1w.npz (78 KB)
  [w1] + 6vb5.npz (77 KB)
  [w4] + 7qpd.npz (272 KB)
  [w15] + 4jff.npz (161 KB)
  [w3] + 1n2r.npz (77 KB)
  [w1] + 4mxq.npz (119 KB)
  [w1] + 1s7v.npz (79 KB)
  [w2] + 4pgb.npz (78 KB)
  [w2] + 5nmf.npz (159 KB)
  [w15] + 8hsm.npz (76 KB)
  [w8] + 6k60.npz (101 KB)
  [w1] + 6y26.npz (84 KB)
  [w9] + 1im3.npz (95 KB)
  [w2] + 3sko.npz (77 KB)
  [w10] + 2vlr.npz (157 KB)
  [w0] + 3kpl.npz (77 KB)
  [w13] + 1qse.npz (156 KB)
  [w15] + 2cii.npz (77 KB)
  [w8] + 4mj6.npz (77 KB)
  [w14] + 3kpo.npz (77 KB)
  [w2] + 1uxs.npz (78 KB)
  [w3] + 3dtx.npz (153 KB)
  [w9] + 1m05.npz (74 KB)
  [w4] + 6m2k.npz (83 KB)
  [w10] + 5j6h.npz (73 KB)
  [w13] + 7dyn.npz (85 KB)
  [w15] + 5b38.npz (128 KB)
  [w12] + 7rzj.npz (77 KB)
  [w0] + 4pre.npz (77 KB)
  [w6] + 5jhd.npz (157 KB)
  [w13] + 1wbz.npz (78 KB)
  [w14] + 7ndq.npz (153 KB)
  [w2] + 8emk.npz (77 KB)
  [w3] + 1i1f.npz (76 KB)
  [w15] + 8d5j.npz (76 KB)
  [w10] + 1oga.npz (159 KB)
  [w12] + 3hg1.npz (157 KB)
  [w8] + 5wxd.npz (78 KB)
  [w14] + 7n6e.npz (168 KB)
  [w11] + 3cvh.npz (153 KB)
  [w12] + 1ce6.npz (77 KB)
  [w9] + 1p4l.npz (195 KB)
  [w15] + 7k81.npz (133 KB)
  [w2] + 7mj7.npz (77 KB)
  [w13] + 5ind.npz (77 KB)
  [w9] + 3cch.npz (78 KB)
  [w9] + 2xpg.npz (76 KB)
  [w7] + 8frt.npz (78 KB)
  [w9] + 7srk.npz (102 KB)
  [w6] + 6tdq.npz (77 KB)
  [w14] + 8d5q.npz (125 KB)
  [w0] + 2vll.npz (76 KB)
  [w5] + 8ek5.npz (123 KB)
  [w8] + 1g6r.npz (152 KB)
  [w9] + 3l3k.npz (76 KB)
  [w6] + 3rwf.npz (77 KB)
  [w12] + 6o4y.npz (76 KB)
  [w5] + 6uzs.npz (79 KB)
  [w9] + 5vz5.npz (80 KB)
  [w12] + 1hla.npz (19 KB)
  [w3] + 6uon.npz (156 KB)
  [w4] + 5ib4.npz (78 KB)
  [w7] + 7xqu.npz (82 KB)
  [w10] + 6nf7.npz (78 KB)
  [w3] + 7su9.npz (157 KB)
  [w2] + 7lfk.npz (83 KB)
  [w3] + 1ktl.npz (77 KB)
  [w12] + 7sa2.npz (77 KB)
  [w8] + 6ewa.npz (107 KB)
  [w9] + 4ms8.npz (118 KB)
  [w9] + 3vfu.npz (78 KB)
  [w10] + 3o3d.npz (78 KB)
  [w15] + 2nx5.npz (157 KB)
  [w15] + 6am5.npz (154 KB)
  [w7] + 5xmf.npz (75 KB)
  [w5] + 2vab.npz (76 KB)
  [w11] + 7n1a.npz (78 KB)
  [w1] + 6j1w.npz (76 KB)
  [w10] + 5xos.npz (77 KB)
  [w12] + 6tdo.npz (75 KB)
  [w5] + 3mrm.npz (77 KB)
  [w6] + 6vm8.npz (159 KB)
  [w11] + 6lhg.npz (117 KB)
  [w10] + 6z9w.npz (78 KB)
  [w3] + 7rtd.npz (80 KB)
  [w3] + 5e8o.npz (77 KB)
  [w14] + 7mle.npz (76 KB)
  [w8] + 4zus.npz (77 KB)
  [w3] + 5oqg.npz (77 KB)
  [w9] + 6uli.npz (76 KB)
  [w12] + 7wj2.npz (77 KB)
  [w10] + 6pyl.npz (77 KB)
  [w10] + 1efx.npz (149 KB)
  [w4] + 6d2r.npz (77 KB)
  [w2] + 4qok.npz (157 KB)
  [w5] + 4l29.npz (78 KB)
  [w8] + 7tr4.npz (151 KB)
  [w8] + 1kpu.npz (78 KB)
  [w10] + 4uq2.npz (77 KB)
  [w15] + 3o3b.npz (79 KB)
  [w0] + 3mrb.npz (76 KB)
  [w5] + 3tpu.npz (123 KB)
  [w9] + 1ffp.npz (77 KB)
  [w12] + 3l3d.npz (77 KB)
  [w4] + 6y29.npz (83 KB)
  [w6] + 4u1n.npz (80 KB)
  [w14] + 6p27.npz (77 KB)
  [w3] + 1n59.npz (76 KB)
  [w5] + 2x4n.npz (77 KB)
  [w2] + 6d7g.npz (153 KB)
  [w2] + 1t1x.npz (78 KB)
  [w7] + 1zs8.npz (69 KB)
  [w11] + 1t0n.npz (77 KB)
  [w4] + 4jry.npz (158 KB)
  [w1] + 4cvz.npz (78 KB)
  [w10] + 5nqk.npz (159 KB)
  [w5] + 1rjz.npz (77 KB)
  [w7] + 7dzn.npz (171 KB)
  [w15] + 1osz.npz (76 KB)
  [w6] + 7jyv.npz (77 KB)
  [w3] + 4qrp.npz (158 KB)
  [w8] + 7jwj.npz (158 KB)
  [w8] + 2axg.npz (77 KB)
  [w6] + 5m00.npz (157 KB)
  [w3] + 6avg.npz (159 KB)
  [w10] + 2f53.npz (156 KB)
  [w4] + 5nht.npz (159 KB)
  [w9] + 6wl3.npz (84 KB)
  [w4] + 3o4l.npz (158 KB)
  [w1] + 3roo.npz (78 KB)
  [w7] + 4o2c.npz (76 KB)
  [w6] + 5t6z.npz (130 KB)
  [w0] + 2ypl.npz (159 KB)
  [w8] + 2zsv.npz (77 KB)
  [w1] + 2a83.npz (79 KB)
  [w9] + 3pwj.npz (77 KB)
  [w5] + 7kgs.npz (77 KB)
  [w10] + 7sif.npz (78 KB)
  [w2] + 4pge.npz (79 KB)
  [w0] + 3rew.npz (77 KB)
  [w8] + 3czf.npz (77 KB)
  [w2] + 5c09.npz (160 KB)
  [w4] + 8tbv.npz (84 KB)
  [w12] + 4nhu.npz (119 KB)
  [w13] + 4qrs.npz (78 KB)
  [w14] + 1jge.npz (76 KB)
  [w1] + 5grg.npz (77 KB)
  [w12] + 3kxf.npz (160 KB)
  [w12] + 2fo4.npz (79 KB)
  [w12] + 6kwo.npz (74 KB)
  [w9] + 1ldp.npz (78 KB)
  [w10] + 5b39.npz (129 KB)
  [w12] + 6vma.npz (157 KB)
  [w11] + 3p9m.npz (77 KB)
  [w9] + 5ylx.npz (75 KB)
  [w7] + 4i48.npz (76 KB)
  [w14] + 6w51.npz (155 KB)
  [w8] + 5c0g.npz (80 KB)
  [w0] + 4huu.npz (151 KB)
  [w4] + 1i4f.npz (77 KB)
  [w4] + 5vuf.npz (76 KB)
  [w9] + 4eup.npz (157 KB)
  [w9] + 3lkr.npz (77 KB)
  [w14] + 8tub.npz (85 KB)
  [w10] + 7k80.npz (131 KB)
  [w0] + 4prb.npz (77 KB)
  [w0] + 6v3j.npz (131 KB)
  [w1] + 1s7q.npz (77 KB)
  [w1] + 6lam.npz (77 KB)
  [w11] + 6gl1.npz (77 KB)
  [w1] + 6vb2.npz (78 KB)
  [w7] + 3c8k.npz (100 KB)
  [w9] + 3bh8.npz (77 KB)
  [w14] + 1zhb.npz (77 KB)
  [w4] + 5wjl.npz (78 KB)
  [w8] + 3am8.npz (76 KB)
  [w6] + 8enh.npz (159 KB)
  [w5] + 4pv8.npz (77 KB)
  [w13] + 3hcv.npz (78 KB)
  [w9] + 5e6i.npz (153 KB)
  [w9] + 2bnq.npz (156 KB)
  [w0] + 2vlk.npz (159 KB)
  [w15] + 3ffc.npz (159 KB)
  [w0] + 7nmf.npz (159 KB)
  [w14] + 8tq7.npz (320 KB)
  [w5] + 3d3v.npz (160 KB)
  [w10] + 8d5k.npz (75 KB)
  [w5] + 3w0w.npz (161 KB)
  [w15] + 4nnx.npz (77 KB)
  [w8] + 5wxc.npz (77 KB)
  [w8] + 8esb.npz (93 KB)
  [w11] + 6q3k.npz (77 KB)
  [w2] + 4u6x.npz (78 KB)
  [w12] + 8fu4.npz (77 KB)
  [w12] + 2clz.npz (77 KB)
  [w12] + 5meq.npz (78 KB)
  [w7] + 7na5.npz (156 KB)
  [w8] + 3vh8.npz (129 KB)
  [w3] + 5vwj.npz (76 KB)
  [w0] + 7r7w.npz (77 KB)
  [w6] + 5meo.npz (80 KB)
  [w2] + 7lfl.npz (84 KB)
  [w13] + 2av7.npz (79 KB)
  [w10] + 4mvb.npz (120 KB)
  [w14] + 7p49.npz (84 KB)
  [w5] + 6eqa.npz (157 KB)
  [w8] + 5swq.npz (76 KB)
  [w3] + 1syv.npz (77 KB)
  [w14] + 6uj9.npz (158 KB)
  [w8] + 5gsv.npz (79 KB)
  [w8] + 2mha.npz (75 KB)
  [w0] + 6k7t.npz (75 KB)
  [w0] + 7ndu.npz (153 KB)
  [w4] + 5ib3.npz (78 KB)
  [w13] + 6iwg.npz (79 KB)
  [w3] + 7sr5.npz (101 KB)
  [w3] + 5hhq.npz (76 KB)
  [w1] + 6vqd.npz (77 KB)
  [w14] + 3ox8.npz (77 KB)
  [w5] + 7r7x.npz (79 KB)
  [w4] + 1qew.npz (77 KB)
  [w8] + 3kla.npz (76 KB)
  [w11] + 1jgd.npz (78 KB)
  [w14] + 1ddh.npz (74 KB)
  [w6] + 4mj5.npz (76 KB)
  [w10] + 7edo.npz (86 KB)
  [w6] + 5h94.npz (76 KB)
  [w14] + 1jpf.npz (77 KB)
  [w8] + 4zut.npz (76 KB)
  [w10] + 6rpb.npz (158 KB)
  [w0] + 7n2s.npz (169 KB)
  [w4] + 6jto.npz (78 KB)
  [w12] + 5n6b.npz (78 KB)
  [w3] + 7wt4.npz (81 KB)
  [w3] + 7s7e.npz (78 KB)
  [w7] + 3pwn.npz (78 KB)
  [w11] + 8gvb.npz (155 KB)
  [w5] + 4hkj.npz (113 KB)
  [w14] + 3fqu.npz (78 KB)
  [w14] + 1lek.npz (78 KB)
  [w2] + 3vxn.npz (76 KB)
  [w5] + 3giv.npz (77 KB)
  [w15] + 4g8g.npz (159 KB)
  [w0] + 5nq2.npz (77 KB)
  [w0] + 7emb.npz (83 KB)
  [w14] + 6lf9.npz (76 KB)
  [w8] + 1k8d.npz (76 KB)
  [w11] + 6r2l.npz (161 KB)
  [w1] + 2x4t.npz (77 KB)
  [w0] + 3mre.npz (77 KB)
  [w5] + 3mrj.npz (77 KB)
  [w9] + 7ciq.npz (84 KB)
  [w5] + 6l9n.npz (78 KB)
  [w12] + 2ol3.npz (120 KB)
  [w9] + 7q99.npz (157 KB)
  [w12] + 7wzz.npz (77 KB)
  [w12] + 4g9f.npz (161 KB)
  [w12] + 5nme.npz (157 KB)
  [w9] + 3nfn.npz (76 KB)
  [w5] + 8hn4.npz (79 KB)
  [w5] + 1agd.npz (75 KB)
  [w8] + 1kpr.npz (77 KB)
  [w1] + 5wmo.npz (77 KB)
  [w10] + 5d2n.npz (157 KB)
  [w15] + 4l8c.npz (77 KB)
  [w4] + 3bze.npz (77 KB)
  [w11] + 3ecb.npz (77 KB)
  [w3] + 3bxn.npz (78 KB)
  [w1] + 2p5w.npz (159 KB)
  [w11] + 7n1f.npz (155 KB)
  [w9] + 8emg.npz (77 KB)
  [w6] + 5gsr.npz (77 KB)
  [w15] + 5ymv.npz (74 KB)
  [w0] + 7s8r.npz (77 KB)
  [w8] + 1r3h.npz (71 KB)
  [w9] + 8u9g.npz (77 KB)
  [w9] + 5deg.npz (78 KB)
  [w8] + 4e0r.npz (75 KB)
  [w14] + 5wmp.npz (78 KB)
  [w1] + 3gsn.npz (158 KB)
  [w15] + 3bwa.npz (75 KB)
  [w7] + 1t1y.npz (78 KB)
  [w9] + 4mnq.npz (159 KB)
  [w14] + 6zkw.npz (154 KB)
  [w13] + 3vfo.npz (77 KB)
  [w10] + 4nny.npz (77 KB)
  [w6] + 7jwi.npz (158 KB)
  [w15] + 2e7l.npz (80 KB)
  [w8] + 3qfj.npz (160 KB)
  [w3] + 3rwi.npz (77 KB)
  [w9] + 4hwz.npz (76 KB)
  [w14] + 3gsq.npz (76 KB)
  [w1] + 6j2i.npz (78 KB)
  [w15] + 1b0r.npz (76 KB)
  [w12] + 5xmm.npz (75 KB)
  [w13] + 3pwp.npz (159 KB)
  [w2] + 4z76.npz (76 KB)
  [w14] + 4prh.npz (151 KB)
  [w11] + 1mwa.npz (158 KB)
  [w13] + 7s7f.npz (78 KB)
  [w10] + 1ydp.npz (76 KB)
  [w9] + 4n0c.npz (120 KB)
  [w15] + 5wjn.npz (78 KB)
  [w11] + 6vqz.npz (76 KB)
  [w13] + 3d25.npz (76 KB)
  [w10] + 2fwo.npz (78 KB)
  [w6] + 3b3i.npz (78 KB)
  [w10] + 5ddh.npz (76 KB)
  [w11] + 1jpg.npz (77 KB)
  [w6] + 1kpv.npz (78 KB)
  [w3] + 5kd7.npz (78 KB)
  [w13] + 1t20.npz (78 KB)
  [w7] + 5c08.npz (161 KB)
  [w10] + 8elh.npz (77 KB)
  [w7] + 5f7d.npz (76 KB)
  [w7] + 4pgd.npz (77 KB)
  [w9] + 7tuc.npz (84 KB)
  [w11] + 1zvs.npz (77 KB)
  [w11] + 6uj8.npz (81 KB)
  [w8] + 8i5e.npz (82 KB)
  [w1] + 6lup.npz (75 KB)
  [w13] + 3cc5.npz (77 KB)
  [w12] + 5wkh.npz (155 KB)
  [w3] + 6vm7.npz (159 KB)
  [w0] + 2hjl.npz (75 KB)
  [w13] + 2gt9.npz (77 KB)
  [w6] + 1akj.npz (117 KB)
  [w6] + 5u98.npz (77 KB)
  [w0] + 3bw9.npz (77 KB)
  [w4] + 6mp0.npz (80 KB)
  [w14] + 3p73.npz (74 KB)
  [w5] + 6at9.npz (77 KB)
  [w6] + 5c0d.npz (76 KB)
  [w9] + 3ery.npz (39 KB)
  [w0] + 1nan.npz (149 KB)
  [w15] + 5vud.npz (76 KB)
  [w11] + 7f4w.npz (86 KB)
  [w0] + 8tuh.npz (77 KB)
  [w3] + 2gtz.npz (76 KB)
  [w0] + 8gvi.npz (158 KB)
  [w0] + 1m6o.npz (76 KB)
  [w12] + 3qq4.npz (76 KB)
  [w9] + 3tbt.npz (76 KB)
  [w11] + 3fqt.npz (78 KB)
  [w0] + 1a1m.npz (76 KB)
  [w2] + 6kwk.npz (76 KB)
  [w8] + 3vxp.npz (77 KB)
  [w15] + 5ib1.npz (77 KB)
  [w12] + 7rtr.npz (156 KB)
  [w14] + 8sbk.npz (77 KB)
  [w3] + 5npz.npz (78 KB)
  [w4] + 3vcl.npz (79 KB)
  [w2] + 6v2p.npz (77 KB)
  [w12] + 3ft4.npz (76 KB)
  [w0] + 1fzo.npz (78 KB)
  [w8] + 3ixa.npz (77 KB)
  [w2] + 1bii.npz (80 KB)
  [w8] + 6o9b.npz (83 KB)
  [w8] + 6iwh.npz (78 KB)
  [w3] + 7ow6.npz (158 KB)
  [w3] + 1ffn.npz (77 KB)
  [w15] + 3i6g.npz (77 KB)
  [w10] + 5ymw.npz (75 KB)
  [w10] + 8erx.npz (76 KB)
  [w6] + 1kj3.npz (77 KB)
  [w1] + 5eot.npz (75 KB)
  [w10] + 6pz5.npz (77 KB)
  [w11] + 2uwe.npz (157 KB)
  [w0] + 3dx6.npz (79 KB)
  [w7] + 1a9e.npz (77 KB)
  [w11] + 6lf8.npz (76 KB)
  [w4] + 6a2b.npz (75 KB)
  [w8] + 1hhi.npz (74 KB)
  [w11] + 5ivx.npz (158 KB)
  [w4] + 6j2f.npz (76 KB)
  [w7] + 4u6y.npz (77 KB)
  [w15] + 2qri.npz (79 KB)
  [w15] + 1qlf.npz (78 KB)
  [w10] + 4l8b.npz (77 KB)
  [w5] + 7n1b.npz (77 KB)
  [w1] + 3mrp.npz (77 KB)
  [w4] + 3qdj.npz (155 KB)
  [w0] + 1kbg.npz (79 KB)
  [w15] + 1qr1.npz (76 KB)
  [w14] + 5ieh.npz (78 KB)
  [w10] + 6vqo.npz (156 KB)
  [w1] + 6uzn.npz (77 KB)
  [w9] + 7wj3.npz (79 KB)
  [w7] + 4zfz.npz (78 KB)
  [w5] + 3p4o.npz (77 KB)
  [w9] + 1s8d.npz (78 KB)
  [w5] + 7mkb.npz (78 KB)
  [w8] + 3cpl.npz (77 KB)
  [w15] + 3w39.npz (77 KB)
  [w6] + 6id4.npz (153 KB)
  [w7] + 6kyu.npz (76 KB)
  [w7] + 4mji.npz (158 KB)
  [w14] + 3mro.npz (77 KB)
  [w14] + 6l9k.npz (39 KB)
  [w3] + 7cjq.npz (76 KB)
  [w11] + 3e2h.npz (78 KB)
  [w2] + 5wes.npz (77 KB)
  [w11] + 5wmq.npz (78 KB)
  [w10] + 4f7m.npz (76 KB)
  [w2] + 5yxn.npz (156 KB)
  [w0] + 1g7q.npz (77 KB)
  [w3] + 7wt3.npz (80 KB)
  [w1] + 1p1z.npz (189 KB)
  [w12] + 4o2f.npz (77 KB)
  [w8] + 5vwf.npz (76 KB)
  [w14] + 6uzq.npz (77 KB)
Traceback (most recent call last):
  File "C:\Python313\Lib\urllib\request.py", line 1319, in do_open
    h.request(req.get_method(), req.selector, req.data, headers,
    ~~~~~~~~~^^^^^^^^^^^^^^^^^^^^^^^^^^^^^^^^^^^^^^^^^^^^^^^^^^^
              encode_chunked=req.has_header('Transfer-encoding'))
              ^^^^^^^^^^^^^^^^^^^^^^^^^^^^^^^^^^^^^^^^^^^^^^^^^^^
  File "C:\Python313\Lib\http\client.py", line 1336, in request
    self._send_request(method, url, body, headers, encode_chunked)
    ~~~~~~~~~~~~~~~~~~^^^^^^^^^^^^^^^^^^^^^^^^^^^^^^^^^^^^^^^^^^^^
  File "C:\Python313\Lib\http\client.py", line 1382, in _send_request
    self.endheaders(body, encode_chunked=encode_chunked)
    ~~~~~~~~~~~~~~~^^^^^^^^^^^^^^^^^^^^^^^^^^^^^^^^^^^^^
  File "C:\Python313\Lib\http\client.py", line 1331, in endheaders
    self._send_output(message_body, encode_chunked=encode_chunked)
    ~~~~~~~~~~~~~~~~~^^^^^^^^^^^^^^^^^^^^^^^^^^^^^^^^^^^^^^^^^^^^^
  File "C:\Python313\Lib\http\client.py", line 1091, in _send_output
    self.send(msg)
    ~~~~~~~~~^^^^^
  File "C:\Python313\Lib\http\client.py", line 1035, in send
    self.connect()
    ~~~~~~~~~~~~^^
  File "C:\Python313\Lib\http\client.py", line 1470, in connect
    super().connect()
    ~~~~~~~~~~~~~~~^^
  File "C:\Python313\Lib\http\client.py", line 1001, in connect
    self.sock = self._create_connection(
                ~~~~~~~~~~~~~~~~~~~~~~~^
        (self.host,self.port), self.timeout, self.source_address)
        ^^^^^^^^^^^^^^^^^^^^^^^^^^^^^^^^^^^^^^^^^^^^^^^^^^^^^^^^^
  File "C:\Python313\Lib\socket.py", line 840, in create_connection
    for res in getaddrinfo(host, port, 0, SOCK_STREAM):
               ~~~~~~~~~~~^^^^^^^^^^^^^^^^^^^^^^^^^^^^
  File "C:\Python313\Lib\socket.py", line 975, in getaddrinfo
    for res in _socket.getaddrinfo(host, port, family, type, proto, flags):
               ~~~~~~~~~~~~~~~~~~~^^^^^^^^^^^^^^^^^^^^^^^^^^^^^^^^^^^^^^^^
socket.gaierror: [Errno 11001] getaddrinfo failed

During handling of the above exception, another exception occurred:

Traceback (most recent call last):
  File "C:\Users\Saif Syed\mhc1-boltz\src\tar_extract.py", line 181, in <module>
    main()
    ~~~~^^
  File "C:\Users\Saif Syed\mhc1-boltz\src\tar_extract.py", line 175, in main
    for got, seen, rs in ex.map(scan_range, ranges):
                         ~~~~~~^^^^^^^^^^^^^^^^^^^^
  File "C:\Python313\Lib\concurrent\futures\_base.py", line 619, in result_iterator
    yield _result_or_cancel(fs.pop())
          ~~~~~~~~~~~~~~~~~^^^^^^^^^^
  File "C:\Python313\Lib\concurrent\futures\_base.py", line 317, in _result_or_cancel
    return fut.result(timeout)
           ~~~~~~~~~~^^^^^^^^^
  File "C:\Python313\Lib\concurrent\futures\_base.py", line 456, in result
    return self.__get_result()
           ~~~~~~~~~~~~~~~~~^^
  File "C:\Python313\Lib\concurrent\futures\_base.py", line 401, in __get_result
    raise self._exception
  File "C:\Python313\Lib\concurrent\futures\thread.py", line 59, in run
    result = self.fn(*self.args, **self.kwargs)
  File "C:\Users\Saif Syed\mhc1-boltz\src\tar_extract.py", line 128, in scan_range
    b = r.read(BLK)
  File "C:\Users\Saif Syed\mhc1-boltz\src\tar_extract.py", line 72, in read
    self.buf = self._fetch(max(CHUNK, need)); self.bufpos = 0
               ~~~~~~~~~~~^^^^^^^^^^^^^^^^^^
  File "C:\Users\Saif Syed\mhc1-boltz\src\tar_extract.py", line 61, in _fetch
    with urllib.request.urlopen(req, timeout=240) as r:
         ~~~~~~~~~~~~~~~~~~~~~~^^^^^^^^^^^^^^^^^^
  File "C:\Python313\Lib\urllib\request.py", line 189, in urlopen
    return opener.open(url, data, timeout)
           ~~~~~~~~~~~^^^^^^^^^^^^^^^^^^^^
  File "C:\Python313\Lib\urllib\request.py", line 489, in open
    response = self._open(req, data)
  File "C:\Python313\Lib\urllib\request.py", line 506, in _open
    result = self._call_chain(self.handle_open, protocol, protocol +
                              '_open', req)
  File "C:\Python313\Lib\urllib\request.py", line 466, in _call_chain
    result = func(*args)
  File "C:\Python313\Lib\urllib\request.py", line 1367, in https_open
    return self.do_open(http.client.HTTPSConnection, req,
           ~~~~~~~~~~~~^^^^^^^^^^^^^^^^^^^^^^^^^^^^^^^^^^
                        context=self._context)
                        ^^^^^^^^^^^^^^^^^^^^^^
  File "C:\Python313\Lib\urllib\request.py", line 1322, in do_open
    raise URLError(err)
urllib.error.URLError: <urlopen error [Errno 11001] getaddrinfo failed>
