want 854 files (661 already present)
archive size 64.9 GB
FULL mode: 12 workers x 5.4 GB
  [w2] + 7xqt.npz (82 KB)
  [w5] + 4iho.npz (77 KB)
  [w2] + 7n9j.npz (78 KB)
  [w2] + 7tlt.npz (80 KB)
  [w2] + 7zqi.npz (78 KB)
  [w5] + 5vgd.npz (78 KB)
  [w2] + 5tje.npz (145 KB)
  [w5] + 6pag.npz (107 KB)
  [w5] + 1wbx.npz (77 KB)
  [w2] + 6lt6.npz (78 KB)
  [w2] + 2gj6.npz (163 KB)
  [w2] + 4l3e.npz (156 KB)
  [w2] + 4z78.npz (78 KB)
  [w10] + 4zuu.npz (76 KB)
  [w4] + 4d0c.npz (77 KB)
  [w10] + 7bh8.npz (331 KB)
  [w4] + 1t0m.npz (77 KB)
  [w4] + 7n5p.npz (158 KB)
  [w2] + 1duy.npz (76 KB)
  [w1] + 1q94.npz (76 KB)
  [w5] + 8dvg.npz (80 KB)
  [w2] + 3vfp.npz (77 KB)
  [w7] + 6kwn.npz (76 KB)
  [w5] + 5oqf.npz (77 KB)
  [w10] + 5c0a.npz (163 KB)
  [w5] + 5e8n.npz (78 KB)
  [w10] + 8i5d.npz (156 KB)
  [w1] + 8tqa.npz (167 KB)
  [w4] + 7wkj.npz (83 KB)
  [w5] + 4qrq.npz (76 KB)
  [w7] + 3to2.npz (77 KB)
  [w5] + 8e13.npz (77 KB)
  [w5] + 2v2w.npz (76 KB)
  [w10] + 1fo0.npz (116 KB)
  [w10] + 3rwc.npz (77 KB)
  [w4] + 3bp4.npz (77 KB)
  [w2] + 5hhm.npz (144 KB)
  [w1] + 6p64.npz (160 KB)
  [w2] + 4o2e.npz (77 KB)
  [w5] + 5n1y.npz (80 KB)
  [w5] + 6avf.npz (162 KB)
  [w10] + 6o9c.npz (81 KB)
  [w1] + 6ujo.npz (78 KB)
  [w7] + 5mep.npz (78 KB)
  [w4] + 8umo.npz (121 KB)
  [w2] + 7cpo.npz (83 KB)
  [w2] + 2rfx.npz (78 KB)
  [w10] + 1hhh.npz (76 KB)
  [w4] + 7nmg.npz (154 KB)
  [w1] + 5ib2.npz (79 KB)
  [w4] + 2vlj.npz (159 KB)
  [w7] + 3skm.npz (76 KB)
  [w5] + 3vfm.npz (77 KB)
  [w2] + 3l3i.npz (77 KB)
  [w4] + 7r7v.npz (78 KB)
  [w4] + 7ndt.npz (308 KB)
  [w4] + 6vrn.npz (158 KB)
  [w1] + 6d2t.npz (77 KB)
  [w1] + 6jtn.npz (76 KB)
  [w10] + 6v2o.npz (77 KB)
  [w7] + 4gks.npz (78 KB)
  [w1] + 6rsy.npz (157 KB)
  [w10] + 4u1k.npz (79 KB)
  [w5] + 7pdw.npz (154 KB)
  [w2] + 7s79.npz (77 KB)
  [w7] + 5knm.npz (117 KB)
  [w5] + 1t22.npz (75 KB)
  [w5] + 5hhp.npz (76 KB)
  [w4] + 3mrd.npz (76 KB)
  [w5] + 7sr4.npz (95 KB)
  [w4] + 7emc.npz (83 KB)
  [w4] + 7n2r.npz (171 KB)
  [w4] + 5nq3.npz (75 KB)
  [w7] + 3rgv.npz (156 KB)
  [w7] + 8emi.npz (75 KB)
  [w4] + 7s8s.npz (78 KB)
  [w5] + 3tf7.npz (81 KB)
  [w5] + 7s7d.npz (77 KB)
  [w5] + 7wt5.npz (81 KB)
  [w7] + 1ld9.npz (74 KB)
  [w2] + 3vfw.npz (77 KB)
  [w1] + 6mp1.npz (80 KB)
  [w4] + 6y2b.npz (84 KB)
  [w2] + 6ulk.npz (83 KB)
  [w7] + 7lfi.npz (83 KB)
  [w10] + 6tds.npz (77 KB)
  [w7] + 7r80.npz (152 KB)
  [w4] + 1c16.npz (70 KB)
  [w4] + 1xh3.npz (76 KB)
  [w7] + 1mhe.npz (151 KB)
  [w5] + 3tby.npz (76 KB)
  [w10] + 3rwd.npz (77 KB)
  [w1] + 5xov.npz (159 KB)
  [w7] + 1t1z.npz (78 KB)
  [w5] + 4l3c.npz (78 KB)
  [w4] + 1eey.npz (77 KB)
  [w5] + 5bs0.npz (158 KB)
  [w5] + 3l3h.npz (75 KB)
  [w1] + 6j2g.npz (77 KB)
  [w5] + 3upr.npz (79 KB)
  [w4] + 3fon.npz (76 KB)
  [w10] + 2gtw.npz (77 KB)
  [w1] + 3kpp.npz (77 KB)
  [w4] + 7lg0.npz (77 KB)
  [w10] + 1lp9.npz (157 KB)
  [w4] + 3dx7.npz (78 KB)
  [w5] + 3tfk.npz (122 KB)
  [w7] + 1juf.npz (76 KB)
  [w1] + 3v5k.npz (77 KB)
  [w4] + 2jcc.npz (157 KB)
  [w10] + 1rk0.npz (76 KB)
  [w1] + 3mr9.npz (77 KB)
  [w10] + 5m02.npz (158 KB)
  [w4] + 1g7p.npz (78 KB)
  [w4] + 3gjf.npz (152 KB)
  [w7] + 8es9.npz (290 KB)
  [w10] + 5t6x.npz (75 KB)
  [w10] + 6e1i.npz (78 KB)
  [w10] + 4u1l.npz (79 KB)
  [w4] + 6ghn.npz (76 KB)
  [w7] + 3d18.npz (79 KB)
  [w1] + 8d5n.npz (77 KB)
  [w5] + 3vfv.npz (77 KB)
  [w1] + 8gon.npz (159 KB)
  [w1] + 6h6h.npz (81 KB)
  [w4] + 1nez.npz (122 KB)
  [w7] + 6pa1.npz (110 KB)
  [w7] + 3ft2.npz (76 KB)
  [w7] + 3bew.npz (75 KB)
  [w1] + 7p3d.npz (78 KB)
  [w4] + 5w1w.npz (159 KB)
  [w7] + 7tud.npz (83 KB)
  [w1] + 8fja.npz (152 KB)
  [w7] + 6pbh.npz (77 KB)
  [w7] + 3tbs.npz (76 KB)
  [w1] + 5w6a.npz (77 KB)
  [w7] + 6npr.npz (77 KB)
  [w1] + 7re8.npz (80 KB)
  [w1] + 5jzi.npz (159 KB)
  [w4] + 3oxs.npz (77 KB)
  [w1] + 3bgm.npz (78 KB)
  [w1] + 6trn.npz (78 KB)
  [w4] + 7x1c.npz (77 KB)
  [w4] + 3spv.npz (77 KB)
  [w1] + 4jfe.npz (159 KB)
  [w10] + 4gkn.npz (79 KB)
  [w1] + 7em9.npz (83 KB)
  [w0] + 7alo.npz (88 KB)
  [w4] + 3hae.npz (149 KB)
  [w10] + 1hoc.npz (76 KB)
  [w10] + 4wdi.npz (75 KB)
  [w0] + 1qrn.npz (157 KB)
  [w0] + 7ejn.npz (85 KB)
  [w3] + 3kpq.npz (77 KB)
  [w10] + 1kjv.npz (77 KB)
  [w10] + 3myj.npz (77 KB)
  [w0] + 8ht9.npz (77 KB)
  [w7] + 6viu.npz (77 KB)
  [w3] + 5f1i.npz (75 KB)
  [w0] + 3gsu.npz (76 KB)
  [w3] + 2guo.npz (76 KB)
  [w4] + 1leg.npz (78 KB)
  [w3] + 3pab.npz (78 KB)
  [w10] + 6d78.npz (154 KB)
  [w1] + 8eb2.npz (168 KB)
  [w4] + 2oi9.npz (80 KB)
  [w4] + 6bxq.npz (75 KB)
  [w10] + 2zsw.npz (74 KB)
  [w10] + 2axf.npz (77 KB)
  [w1] + 7n2o.npz (173 KB)
  [w0] + 2x4o.npz (78 KB)
  [w9] + 3jts.npz (78 KB)
  [w0] + 3p77.npz (75 KB)
  [w1] + 3o3a.npz (79 KB)
  [w10] + 8i5c.npz (155 KB)
  [w10] + 5c0f.npz (81 KB)
  [w1] + 5d2l.npz (148 KB)
  [w10] + 1tvh.npz (79 KB)
  [w9] + 3l3j.npz (76 KB)
  [w9] + 7bbg.npz (155 KB)
  [w0] + 7kgr.npz (76 KB)
  [w0] + 6mt6.npz (77 KB)
  [w9] + 3vft.npz (78 KB)
  [w10] + 6xqa.npz (78 KB)
  [w0] + 5iro.npz (94 KB)
  [w0] + 1hsa.npz (76 KB)
  [w10] + 3gsx.npz (76 KB)
  [w1] + 6m2j.npz (83 KB)
  [w0] + 4pv9.npz (77 KB)
  [w1] + 4e5x.npz (96 KB)
  [w3] + 6j1v.npz (77 KB)
  [w6] + 1jht.npz (75 KB)
  [w9] + 1zt1.npz (75 KB)
  [w6] + 4u1j.npz (78 KB)
  [w3] + 4nt6.npz (76 KB)
  [w0] + 7r7y.npz (77 KB)
  [w1] + 6gh4.npz (77 KB)
  [w3] + 7s8f.npz (78 KB)
  [w4] + 3kpm.npz (77 KB)
  [w9] + 6wl2.npz (84 KB)
  [w10] + 4pra.npz (77 KB)
  [w3] + 7l1d.npz (167 KB)
  [w10] + 4huv.npz (77 KB)
  [w10] + 5e00.npz (77 KB)
  [w9] + 3lks.npz (77 KB)
  [w3] + 3i6k.npz (76 KB)
  [w3] + 1n3n.npz (77 KB)
  [w1] + 5ib5.npz (77 KB)
  [w4] + 4prd.npz (77 KB)
  [w10] + 2pye.npz (162 KB)
  [w10] + 1s9x.npz (78 KB)
  [w9] + 4no0.npz (114 KB)
  [w1] + 5fdw.npz (75 KB)
  [w0] + 3mrk.npz (77 KB)
  [w3] + 4hv8.npz (151 KB)
  [w9] + 3bh9.npz (77 KB)
  [w10] + 2dyp.npz (112 KB)
  [w1] + 5hyj.npz (159 KB)
  [w9] + 3bvn.npz (78 KB)
  [w1] + 6p2f.npz (77 KB)
  [w1] + 6y28.npz (83 KB)
  [w10] + 5w69.npz (78 KB)
  [w10] + 7nme.npz (153 KB)
  [w1] + 4jrx.npz (159 KB)
  [w3] + 6vb3.npz (77 KB)
  [w9] + 3vri.npz (78 KB)
  [w9] + 4ftv.npz (160 KB)
  [w1] + 1s7x.npz (79 KB)
  [w1] + 7n5c.npz (158 KB)
  [w6] + 7m8s.npz (77 KB)
  [w1] + 7ur1.npz (80 KB)
  [w10] + 7ema.npz (83 KB)
  [w10] + 3mrf.npz (77 KB)
  [w10] + 5nq1.npz (75 KB)
  [w10] + 7n2p.npz (172 KB)
  [w0] + 1age.npz (75 KB)
  [w4] + 8dnt.npz (154 KB)
  [w3] + 6vqe.npz (78 KB)
  [w9] + 5gsb.npz (78 KB)
  [w0] + 6p23.npz (77 KB)
  [w0] + 3pqy.npz (157 KB)
  [w10] + 6lbe.npz (75 KB)
  [w6] + 5gsx.npz (78 KB)
  [w9] + 5nmk.npz (79 KB)
  [w10] + 5e9d.npz (118 KB)
  [w0] + 5hgh.npz (76 KB)
  [w4] + 5opi.npz (133 KB)
  [w10] + 3ln5.npz (77 KB)
  [w6] + 2bck.npz (80 KB)
  [w6] + 3ftg.npz (73 KB)
  [w0] + 8gvg.npz (158 KB)
  [w4] + 7emd.npz (83 KB)
  [w4] + 3mrc.npz (76 KB)
  [w9] + 8emf.npz (77 KB)
  [w9] + 5def.npz (78 KB)
  [w9] + 7q98.npz (78 KB)
  [w0] + 3dx8.npz (78 KB)
  [w4] + 8esa.npz (93 KB)
  [w0] + 7qng.npz (229 KB)
  [w10] + 7s8q.npz (77 KB)
  [w3] + 2x4u.npz (78 KB)
  [w10] + 3fol.npz (76 KB)
  [w6] + 5fa4.npz (77 KB)
  [w3] + 3gso.npz (76 KB)
  [w0] + 2hn7.npz (77 KB)
  [w0] + 3p4n.npz (77 KB)
  [w4] + 6uk4.npz (77 KB)
  [w3] + 7t5m.npz (79 KB)
  [w9] + 5wkf.npz (158 KB)
  [w10] + 6at5.npz (80 KB)
  [w10] + 1a1n.npz (75 KB)
  [w0] + 4d0b.npz (77 KB)
  [w10] + 1zhk.npz (77 KB)
  [w10] + 1nam.npz (119 KB)
  [w3] + 5wmn.npz (77 KB)
  [w10] + 6lhh.npz (74 KB)
  [w10] + 3tie.npz (77 KB)
  [w4] + 4zuw.npz (77 KB)
  [w6] + 3qfd.npz (77 KB)
  [w6] + 2ckb.npz (152 KB)
  [w3] + 5tez.npz (160 KB)
  [w6] + 4pg2.npz (74 KB)
  [w10] + 7lg2.npz (77 KB)
  [w3] + 6j2h.npz (77 KB)
  [w6] + 1inq.npz (76 KB)
  [w0] + 7n5q.npz (80 KB)
  [w3] + 6opd.npz (78 KB)
  [w10] + 3hla.npz (74 KB)
  [w10] + 6g3k.npz (75 KB)
  [w3] + 3v5d.npz (77 KB)
  [w6] + 4qrr.npz (159 KB)
  [w0] + 1agb.npz (75 KB)
  [w10] + 7ejm.npz (84 KB)
  [w9] + 7xf3.npz (82 KB)
  [w9] + 3ws3.npz (75 KB)
  [w6] + 1tmc.npz (57 KB)
  [w3] + 4wu7.npz (76 KB)
  [w9] + 5xs3.npz (75 KB)
  [w9] + 7zqj.npz (78 KB)
  [w3] + 3vj6.npz (77 KB)
  [w6] + 1hhg.npz (74 KB)
  [w6] + 5f9j.npz (76 KB)
  [w3] + 1qqd.npz (76 KB)
  [w3] + 1qo3.npz (125 KB)
  [w3] + 6g9q.npz (155 KB)
  [w9] + 1i1y.npz (76 KB)
  [w3] + 3mrq.npz (77 KB)
  [w6] + 5vwh.npz (77 KB)
  [w3] + 1fg2.npz (77 KB)
  [w9] + 3mgo.npz (78 KB)
  [w3] + 6uzo.npz (77 KB)
  [w6] + 6ulr.npz (155 KB)
  [w2] + 5swz.npz (161 KB)
  [w9] + 5e8p.npz (78 KB)
  [w0] + 6p2s.npz (77 KB)
  [w6] + 3vfn.npz (77 KB)
  [w3] + 2x4r.npz (77 KB)
  [w6] + 7ow3.npz (77 KB)
  [w3] + 6gb6.npz (75 KB)
  [w3] + 7re7.npz (161 KB)
  [w5] + 7lfm.npz (83 KB)
  [w9] + 3jtt.npz (77 KB)
  [w2] + 4nqx.npz (78 KB)
  [w9] + 8en8.npz (160 KB)
  [w2] + 1k5n.npz (77 KB)
  [w2] + 4k7f.npz (77 KB)
  [w0] + 1xr9.npz (77 KB)
  [w6] + 1t21.npz (78 KB)
  [w3] + 6o53.npz (77 KB)
  [w3] + 6lb2.npz (79 KB)
  [w9] + 3vfs.npz (77 KB)
  [w5] + 8ec5.npz (74 KB)
  [w5] + 1im9.npz (188 KB)
  [w3] + 8gqv.npz (75 KB)
  [w5] + 3vxo.npz (76 KB)
  [w0] + 3gsr.npz (76 KB)
  [w6] + 4qru.npz (77 KB)
  [w3] + 2bvo.npz (74 KB)
  [w3] + 7kgo.npz (77 KB)
  [w9] + 1n5a.npz (77 KB)
  [w9] + 7uc5.npz (76 KB)
  [w0] + 4f7t.npz (75 KB)
  [w0] + 3mv9.npz (159 KB)
  [w0] + 2ve6.npz (77 KB)
  [w0] + 1tvb.npz (79 KB)
  [w9] + 1duz.npz (76 KB)
  [w6] + 6tmo.npz (162 KB)
  [w3] + 1yn7.npz (77 KB)
  [w2] + 7um2.npz (80 KB)
  [w9] + 5hhn.npz (77 KB)
  [w0] + 6ilg.npz (76 KB)
  [w5] + 4z77.npz (83 KB)
  [w0] + 4jfp.npz (79 KB)
  [w2] + 2git.npz (77 KB)
  [w6] + 2av1.npz (79 KB)
  [w9] + 7rzd.npz (78 KB)
  [w9] + 5gjy.npz (75 KB)
  [w3] + 8d5f.npz (77 KB)
  [w2] + 8fhl.npz (71 KB)
  [w5] + 6v2q.npz (77 KB)
  [w5] + 5isz.npz (158 KB)
  [w9] + 3pwl.npz (78 KB)
  [w5] + 5ts1.npz (78 KB)
  [w6] + 1of2.npz (78 KB)
  [w9] + 3rwj.npz (77 KB)
  [w5] + 6aee.npz (144 KB)
  [w9] + 4qrt.npz (77 KB)
  [w3] + 6mtl.npz (78 KB)
  [w6] + 5t6w.npz (77 KB)
  [w6] + 1sys.npz (77 KB)
  [w6] + 7ow4.npz (75 KB)
  [w5] + 5wer.npz (130 KB)
  [w2] + 4xxc.npz (77 KB)
  [w3] + 7qpj.npz (156 KB)
  [w0] + 1ypz.npz (298 KB)
  [w6] + 3pwv.npz (77 KB)
  [w3] + 6q3s.npz (78 KB)
  [w2] + 3uts.npz (160 KB)
  [w3] + 7s8a.npz (84 KB)
  [w6] + 7sr0.npz (100 KB)
  [w5] + 3tbw.npz (77 KB)
  [w3] + 7l1c.npz (83 KB)
  [w2] + 3rwg.npz (79 KB)
  [w2] + 3dmm.npz (123 KB)
  [w2] + 6tdp.npz (75 KB)
  [w0] + 3mrl.npz (77 KB)
  [w2] + 3vxu.npz (157 KB)
  [w0] + 5iek.npz (78 KB)
  [w3] + 3i6l.npz (76 KB)
  [w3] + 6jp3.npz (77 KB)
  [w0] + 3h9s.npz (159 KB)
  [w9] + 5kd4.npz (76 KB)
  [w0] + 2x4s.npz (78 KB)
  [w6] + 4hs3.npz (76 KB)
  [w2] + 6vm9.npz (158 KB)
  [w2] + 2hla.npz (72 KB)
  [w6] + 7q9b.npz (307 KB)
  [w6] + 3lkn.npz (77 KB)
  [w9] + 7ow5.npz (160 KB)
  [w6] + 7m8t.npz (78 KB)
  [w2] + 5im7.npz (78 KB)
  [w2] + 3qeq.npz (155 KB)
  [w2] + 7jyw.npz (78 KB)
  [w0] + 6gb7.npz (81 KB)
  [w3] + 1qvo.npz (77 KB)
  [w3] + 1s7w.npz (79 KB)
  [w3] + 6vb4.npz (76 KB)
  [w2] + 5m01.npz (158 KB)
  [w2] + 7wcy.npz (75 KB)
  [w3] + 5txs.npz (79 KB)
  [w3] + 6y27.npz (84 KB)
  [w6] + 6ewo.npz (112 KB)
  [w2] + 5yxu.npz (160 KB)
  [w6] + 2d31.npz (76 KB)
  [w2] + 5men.npz (159 KB)
  [w3] + 1agc.npz (75 KB)
  [w7] + 6gb5.npz (80 KB)
  [w5] + 5weu.npz (77 KB)
  [w7] + 2x4q.npz (79 KB)
  [w2] + 4nqv.npz (76 KB)
  [w2] + 6uk2.npz (78 KB)
  [w6] + 4g43.npz (75 KB)
  [w5] + 6vmc.npz (164 KB)
  [w7] + 6x00.npz (76 KB)
  [w7] + 7sih.npz (77 KB)
  [w2] + 1e28.npz (76 KB)
  [w5] + 1w72.npz (153 KB)
  [w5] + 1bz9.npz (78 KB)
  [w5] + 2bsr.npz (77 KB)
  [w2] + 6ewc.npz (112 KB)
  [w6] + 5fa3.npz (76 KB)
  [w6] + 6joz.npz (78 KB)
  [w7] + 1i7r.npz (77 KB)
  [w6] + 7yg3.npz (83 KB)
  [w6] + 5c0i.npz (81 KB)
  [w7] + 5jwd.npz (74 KB)
  [w7] + 8d5e.npz (77 KB)
  [w1] + 2bst.npz (75 KB)
  [w7] + 3c9n.npz (77 KB)
  [w5] + 4pgc.npz (79 KB)
  [w1] + 6nca.npz (83 KB)
  [w5] + 4g9d.npz (77 KB)
  [w5] + 5nmg.npz (157 KB)
  [w6] + 7dc6.npz (76 KB)
  [w1] + 7n4k.npz (159 KB)
  [w1] + 3quk.npz (75 KB)
  [w7] + 2zok.npz (74 KB)
  [w2] + 4pg9.npz (79 KB)
  [w2] + 5c0e.npz (84 KB)
  [w1] + 5v5m.npz (77 KB)
  [w1] + 7sqp.npz (100 KB)
  [w7] + 4pr5.npz (77 KB)
  [w7] + 5eu4.npz (79 KB)
  [w7] + 3tjh.npz (121 KB)
  [w2] + 1kj2.npz (124 KB)
  [w6] + 5gsd.npz (77 KB)
  [w1] + 5c07.npz (162 KB)
  [w2] + 5sws.npz (155 KB)
  [w4] + 3rwh.npz (76 KB)
  [w2] + 2nw3.npz (77 KB)
  [w2] + 4zuv.npz (77 KB)
  [w2] + 6ss9.npz (79 KB)
  [w4] + 5d9s.npz (76 KB)
  [w2] + 2ak4.npz (158 KB)
  [w4] + 1ffo.npz (77 KB)
  [w4] + 7jyx.npz (78 KB)
  [w10] + 2xfx.npz (77 KB)
  [w10] + 4f7p.npz (77 KB)
  [w4] + 7sr3.npz (91 KB)
  [w2] + 5c0b.npz (165 KB)
  [w10] + 7phr.npz (271 KB)
  [w10] + 3gsv.npz (76 KB)
  [w4] + 3pwu.npz (77 KB)
  [w10] + 1hsb.npz (73 KB)
  [w10] + 6uz1.npz (126 KB)
  [w10] + 6mt5.npz (78 KB)
  [w2] + 6dkp.npz (156 KB)
  [w2] + 8isn.npz (81 KB)
  [w4] + 8esh.npz (76 KB)
  [w2] + 5oqi.npz (78 KB)
  [w2] + 3utt.npz (159 KB)
  [w10] + 7kgq.npz (77 KB)
  [w10] + 2bvq.npz (77 KB)
  [w2] + 3vxr.npz (159 KB)
  [w4] + 7q9a.npz (160 KB)
  [w2] + 2v2x.npz (76 KB)
  [w10] + 6ilc.npz (76 KB)
  [w10] + 4hux.npz (78 KB)
  [w2] + 1hhk.npz (76 KB)
  [w10] + 8sbl.npz (77 KB)
  [w10] + 5w67.npz (77 KB)
  [w4] + 1e27.npz (76 KB)
  [w10] + 6l9l.npz (118 KB)
  [w10] + 5wwu.npz (78 KB)
  [w10] + 3mrh.npz (77 KB)
  [w10] + 5t70.npz (130 KB)
  [w4] + 1zsd.npz (77 KB)
  [w10] + 1agf.npz (75 KB)
  [w10] + 1b0g.npz (77 KB)
  [w10] + 3wl9.npz (77 KB)
  [w4] + 5c0j.npz (80 KB)
  [w10] + 3p4m.npz (78 KB)
  [w10] + 6d2b.npz (77 KB)
  [w10] + 6lhf.npz (116 KB)
  [w10] + 6apn.npz (76 KB)
  [w10] + 3p9l.npz (77 KB)
  [w10] + 3fqr.npz (78 KB)

headers seen=184669  extracted=507  in 2374s
outdir now has 1262 npz files
