[symmetry.pkl]       53/215 MB ( 24.8%)  18.3 MB/s
[symmetry.pkl]      107/215 MB ( 49.7%)  17.4 MB/s
[symmetry.pkl]      160/215 MB ( 74.5%)  16.3 MB/s
[symmetry.pkl]      214/215 MB ( 99.4%)  15.4 MB/s
[symmetry.pkl] OK: 215/215 MB -> C:\Users\Saif Syed\mhc1-boltz\data\assets\symmetry.pkl
[boltz1_conf.ckpt]       53/3595 MB (  1.5%)  23.8 MB/s
[boltz1_conf.ckpt]      107/3595 MB (  3.0%)  28.8 MB/s
[boltz1_conf.ckpt]      160/3595 MB (  4.5%)  32.4 MB/s
[boltz1_conf.ckpt]      214/3595 MB (  5.9%)  34.9 MB/s
[boltz1_conf.ckpt]      267/3595 MB (  7.4%)  36.3 MB/s
[boltz1_conf.ckpt]      321/3595 MB (  8.9%)  37.6 MB/s
[boltz1_conf.ckpt]      374/3595 MB ( 10.4%)  37.8 MB/s
[boltz1_conf.ckpt]      428/3595 MB ( 11.9%)  37.4 MB/s
[boltz1_conf.ckpt]      481/3595 MB ( 13.4%)  37.9 MB/s
[boltz1_conf.ckpt]      535/3595 MB ( 14.9%)  38.2 MB/s
[boltz1_conf.ckpt]      588/3595 MB ( 16.4%)  38.4 MB/s
[boltz1_conf.ckpt]      642/3595 MB ( 17.8%)  38.3 MB/s
[boltz1_conf.ckpt]      695/3595 MB ( 19.3%)  38.8 MB/s
[boltz1_conf.ckpt]      749/3595 MB ( 20.8%)  39.1 MB/s
[boltz1_conf.ckpt]      802/3595 MB ( 22.3%)  39.0 MB/s
[boltz1_conf.ckpt]      856/3595 MB ( 23.8%)  38.5 MB/s
[boltz1_conf.ckpt]      909/3595 MB ( 25.3%)  38.7 MB/s
[boltz1_conf.ckpt]      963/3595 MB ( 26.8%)  38.9 MB/s
[boltz1_conf.ckpt]     1016/3595 MB ( 28.3%)  39.2 MB/s
[boltz1_conf.ckpt]     1070/3595 MB ( 29.7%)  39.3 MB/s
[boltz1_conf.ckpt]     1123/3595 MB ( 31.2%)  39.6 MB/s
[boltz1_conf.ckpt]     1177/3595 MB ( 32.7%)  39.8 MB/s
[boltz1_conf.ckpt]     1230/3595 MB ( 34.2%)  39.9 MB/s
[boltz1_conf.ckpt]     1283/3595 MB ( 35.7%)  39.7 MB/s
[boltz1_conf.ckpt]     1337/3595 MB ( 37.2%)  39.9 MB/s
[boltz1_conf.ckpt]     1390/3595 MB ( 38.7%)  40.1 MB/s
[boltz1_conf.ckpt]     1444/3595 MB ( 40.2%)  40.2 MB/s
[boltz1_conf.ckpt]     1497/3595 MB ( 41.6%)  40.4 MB/s
[boltz1_conf.ckpt]     1551/3595 MB ( 43.1%)  40.6 MB/s
[boltz1_conf.ckpt]     1604/3595 MB ( 44.6%)  40.8 MB/s
[boltz1_conf.ckpt]     1658/3595 MB ( 46.1%)  41.0 MB/s
[boltz1_conf.ckpt]     1711/3595 MB ( 47.6%)  41.2 MB/s
[boltz1_conf.ckpt]     1765/3595 MB ( 49.1%)  41.1 MB/s
[boltz1_conf.ckpt]     1818/3595 MB ( 50.6%)  41.2 MB/s
[boltz1_conf.ckpt]     1872/3595 MB ( 52.1%)  37.4 MB/s
[boltz1_conf.ckpt]     1925/3595 MB ( 53.5%)  37.5 MB/s
[boltz1_conf.ckpt]     1979/3595 MB ( 55.0%)  37.7 MB/s
[boltz1_conf.ckpt]     2032/3595 MB ( 56.5%)  37.7 MB/s
[boltz1_conf.ckpt]     2086/3595 MB ( 58.0%)  37.9 MB/s
[boltz1_conf.ckpt]     2139/3595 MB ( 59.5%)  38.0 MB/s
[boltz1_conf.ckpt]     2193/3595 MB ( 61.0%)  38.2 MB/s
[boltz1_conf.ckpt]     2246/3595 MB ( 62.5%)  38.3 MB/s
[boltz1_conf.ckpt]     2300/3595 MB ( 64.0%)  38.5 MB/s
[boltz1_conf.ckpt]     2353/3595 MB ( 65.4%)  38.7 MB/s
[boltz1_conf.ckpt]     2406/3595 MB ( 66.9%)  38.8 MB/s
[boltz1_conf.ckpt]     2460/3595 MB ( 68.4%)  38.7 MB/s
[boltz1_conf.ckpt]     2513/3595 MB ( 69.9%)  38.9 MB/s
[boltz1_conf.ckpt]     2567/3595 MB ( 71.4%)  39.0 MB/s
[boltz1_conf.ckpt]     2620/3595 MB ( 72.9%)  39.1 MB/s
[boltz1_conf.ckpt]     2674/3595 MB ( 74.4%)  39.2 MB/s
[boltz1_conf.ckpt]     2727/3595 MB ( 75.9%)  39.4 MB/s
[boltz1_conf.ckpt]     2781/3595 MB ( 77.3%)  39.5 MB/s
[boltz1_conf.ckpt]     2834/3595 MB ( 78.8%)  39.6 MB/s
[boltz1_conf.ckpt]     2888/3595 MB ( 80.3%)  39.7 MB/s
[boltz1_conf.ckpt]     2941/3595 MB ( 81.8%)  39.6 MB/s
[boltz1_conf.ckpt]     2995/3595 MB ( 83.3%)  39.8 MB/s
[boltz1_conf.ckpt]     3048/3595 MB ( 84.8%)  39.9 MB/s
[boltz1_conf.ckpt]     3102/3595 MB ( 86.3%)  40.0 MB/s
[boltz1_conf.ckpt]     3155/3595 MB ( 87.8%)  40.0 MB/s
[boltz1_conf.ckpt]     3209/3595 MB ( 89.2%)  40.1 MB/s
[boltz1_conf.ckpt]     3262/3595 MB ( 90.7%)  40.2 MB/s
[boltz1_conf.ckpt]     3316/3595 MB ( 92.2%)  40.3 MB/s
[boltz1_conf.ckpt]     3369/3595 MB ( 93.7%)  40.4 MB/s
[boltz1_conf.ckpt]     3423/3595 MB ( 95.2%)  40.3 MB/s
[boltz1_conf.ckpt]     3476/3595 MB ( 96.7%)  40.4 MB/s
[boltz1_conf.ckpt]     3530/3595 MB ( 98.2%)  40.5 MB/s
[boltz1_conf.ckpt]     3583/3595 MB ( 99.7%)  40.6 MB/s
[boltz1_conf.ckpt] OK: 3595/3595 MB -> C:\Users\Saif Syed\mhc1-boltz\data\assets\boltz1_conf.ckpt
