want 1134 MSA files (0 already present)
archive 107.2 GB, 48 workers
  [m8] + 4e0r_c.npz (1 KB)
  [m43] + 6kx9_c.npz (1 KB)
  [m35] + 4zuw_c.npz (1 KB)
  [m46] + 4d0c_c.npz (1 KB)
  [m18] + 6vb3_c.npz (1 KB)
  [m34] + 2git_c.npz (1 KB)
  [m37] + 5v5l_e.npz (1 KB)
  [m44] + 3fqn_c.npz (1 KB)
  [m20] + 7byd_c.npz (1 KB)
  [m9] + 3ln4_c.npz (1 KB)
  [m5] + 5jzi_c.npz (1 KB)
  [m5] + 3mrg_c.npz (1 KB)
  [m7] + 3vfm_a.npz (995 KB)
  [m37] + 3e3q_b.npz (1 KB)
  [m23] + 5iue_i.npz (1 KB)
  [m28] + 3tjh_a.npz (651 KB)
  [m8] + 3vcl_c.npz (1 KB)
  [m11] + 8i5e_c.npz (1 KB)
  [m4] + 3kyn_c.npz (1 KB)
  [m32] + 4pv9_a.npz (991 KB)
  [m28] + 5nq0_c.npz (1 KB)
  [m14] + 7ur1_c.npz (1 KB)
  [m23] + 6iex_c.npz (1 KB)
  [m35] + 5trz_c.npz (1 KB)
  [m2] + 2bsr_c.npz (1 KB)
  [m8] + 2bvo_c.npz (1 KB)
  [m16] + 5wmp_c.npz (1 KB)
  [m42] + 5y91_b.npz (241 KB)
  [m8] + 7nui_a.npz (999 KB)
  [m45] + 6vr1_e.npz (1 KB)
  [m39] + 2zsv_e.npz (1 KB)
  [m43] + 7pb2_c.npz (1 KB)
  [m41] + 4no2_c.npz (1 KB)
  [m47] + 4f7t_c.npz (1 KB)
  [m22] + 6irl_c.npz (1 KB)
  [m37] + 2ve6_b.npz (240 KB)
  [m21] + 5iek_c.npz (1 KB)
  [m36] + 2ckb_d.npz (1 KB)
  [m32] + 6lf9_a.npz (942 KB)
  [m19] + 6h6h_a.npz (1198 KB)
  [m3] + 7cpo_a.npz (1038 KB)
  [m37] + 4qrt_c.npz (1 KB)
  [m39] + 3bze_a.npz (930 KB)
  [m9] + 6vq2_c.npz (1 KB)
  [m28] + 4n8v_c.npz (993 KB)
  [m19] + 7t0l_c.npz (1 KB)
  [m34] + 3gsv_c.npz (1 KB)
  [m5] + 4pre_c.npz (1 KB)
  [m47] + 6ggm_e.npz (1 KB)
  [m8] + 4nqx_a.npz (1011 KB)
  [m35] + 6pyw_a.npz (982 KB)
  [m9] + 1bmg_a.npz (258 KB)
  [m16] + 2vll_c.npz (1 KB)
  [m0] + 6d2t_c.npz (1 KB)
  [m40] + 1bz9_b.npz (240 KB)
  [m41] + 2bvp_c.npz (1 KB)
  [m13] + 7r7v_c.npz (1 KB)
  [m17] + 7n5c_c.npz (1 KB)
  [m46] + 1t1y_c.npz (1 KB)
  [m38] + 3l3d_c.npz (1 KB)
  [m25] + 5def_a.npz (974 KB)
  [m11] + 1juf_a.npz (974 KB)
  [m17] + 1ce6_b.npz (257 KB)
  [m18] + 6o51_c.npz (1 KB)
  [m7] + 4nt6_a.npz (1029 KB)
  [m47] + 1zvs_a.npz (980 KB)
  [m8] + 5meq_c.npz (1 KB)
  [m26] + 8d5j_a.npz (984 KB)
  [m47] + 7xqs_a.npz (986 KB)
  [m3] + 5im7_a.npz (988 KB)
  [m22] + 4qrs_b.npz (248 KB)
  [m11] + 8e8i_c.npz (1 KB)
  [m31] + 1ld9_a.npz (938 KB)
  [m44] + 1a1n_c.npz (1 KB)
  [m44] + 5wwu_c.npz (1 KB)
  [m18] + 3v5d_c.npz (1 KB)
  [m8] + 3mrr_c.npz (1 KB)
  [m46] + 1qsf_a.npz (947 KB)
  [m32] + 1efx_c.npz (1 KB)
  [m3] + 3lko_c.npz (1 KB)
  [m9] + 3to2_c.npz (1 KB)
  [m32] + 7wbg_c.npz (1 KB)
  [m8] + 3b3i_c.npz (1 KB)
  [m19] + 1zt7_e.npz (1 KB)
  [m13] + 6ilc_c.npz (1 KB)
  [m15] + 5xot_c.npz (1 KB)
  [m4] + 3bev_c.npz (1 KB)
  [m25] + 5jwd_a.npz (962 KB)
  [m34] + 4u1m_a.npz (994 KB)
  [m11] + 3rew_c.npz (1 KB)
  [m31] + 3mgo_c.npz (1 KB)
  [m30] + 1zhb_c.npz (1 KB)
  [m27] + 3vfp_a.npz (1002 KB)
  [m6] + 5f1n_a.npz (983 KB)
  [m13] + 6j2a_a.npz (1004 KB)
  [m20] + 4xxc_c.npz (1 KB)
  [m1] + 6gb7_a.npz (1179 KB)
  [m27] + 6nf7_c.npz (1 KB)
  [m15] + 3o4l_c.npz (1 KB)
  [m24] + 7mja_a.npz (1024 KB)
  [m19] + 3rgv_e.npz (1 KB)
  [m43] + 5c0d_c.npz (1 KB)
  [m33] + 6m2j_c.npz (1 KB)
  [m21] + 3qq3_b.npz (255 KB)
  [m1] + 5v5m_a.npz (961 KB)
  [m37] + 2c7u_c.npz (1 KB)
  [m36] + 3ecb_c.npz (1 KB)
  [m3] + 8d5k_c.npz (1 KB)
  [m40] + 6kwn_a.npz (969 KB)
  [m28] + 6zkx_a.npz (946 KB)
  [m5] + 7sih_a.npz (1012 KB)
  [m28] + 3qfd_c.npz (1 KB)
  [m47] + 6avf_d.npz (1 KB)
  [m4] + 2zol_a.npz (981 KB)
  [m27] + 6kwl_a.npz (964 KB)
  [m22] + 6x00_c.npz (1 KB)
  [m47] + 6at9_c.npz (1 KB)
  [m5] + 4mnq_c.npz (1 KB)
  [m8] + 2uwe_a.npz (967 KB)
  [m38] + 8esh_a.npz (948 KB)
  [m40] + 6pte_c.npz (1 KB)
  [m46] + 1hoc_c.npz (1 KB)
  [m45] + 8elh_c.npz (1 KB)
  [m36] + 4o2c_a.npz (991 KB)
  [m41] + 3vxo_e.npz (1 KB)
  [m21] + 1a1o_a.npz (993 KB)
  [m0] + 5vge_a.npz (981 KB)
  [m30] + 1k8d_c.npz (1 KB)
  [m25] + 2dyp_a.npz (961 KB)
  [m20] + 3czf_c.npz (1 KB)
  [m3] + 5wmr_c.npz (1 KB)
  [m20] + 6iwh_c.npz (1 KB)
  [m22] + 6xqa_a.npz (1006 KB)
  [m47] + 5h94_a.npz (1005 KB)
  [m38] + 3cch_c.npz (1 KB)
  [m33] + 6ilf_b.npz (243 KB)
  [m19] + 3kww_a.npz (997 KB)
  [m0] + 8ec5_a.npz (988 KB)
  [m42] + 6kyu_c.npz (1 KB)
  [m17] + 3bvn_c.npz (1 KB)
  [m40] + 4nqv_m.npz (1 KB)
  [m41] + 7mle_c.npz (1 KB)
  [m2] + 1b0r_c.npz (1 KB)
  [m12] + 5wet_c.npz (1 KB)
  [m15] + 3sjv_c.npz (1 KB)
  [m8] + 5t7g_a.npz (985 KB)
  [m9] + 7m8t_a.npz (1002 KB)
  [m21] + 7r7y_b.npz (250 KB)
  [m30] + 3rwc_c.npz (1 KB)
  [m26] + 2xfx_a.npz (1042 KB)
  [m8] + 6joz_c.npz (1 KB)
  [m10] + 1a1m_a.npz (998 KB)
  [m35] + 2cii_a.npz (957 KB)
  [m4] + 2vab_c.npz (1 KB)
  [m20] + 6pz5_c.npz (1 KB)
  [m2] + 7kgo_a.npz (989 KB)
  [m8] + 1qse_c.npz (1 KB)
  [m33] + 3w39_a.npz (987 KB)
  [m42] + 7wbi_c.npz (1 KB)
  [m32] + 5xmf_c.npz (1 KB)
  [m2] + 8tq9_b.npz (238 KB)
  [m25] + 1yn7_c.npz (1 KB)
  [m20] + 6bxq_a.npz (1 KB)
  [m37] + 6ss7_c.npz (1 KB)
  [m30] + 1agf_c.npz (1 KB)
  [m13] + 3kla_c.npz (1 KB)
  [m39] + 5nq2_c.npz (1 KB)
  [m32] + 3dx6_c.npz (1 KB)
  [m22] + 6v3j_a.npz (977 KB)
  [m19] + 5csb_a.npz (250 KB)
  [m22] + 6wl3_a.npz (707 KB)
  [m30] + 2jcc_a.npz (960 KB)
  [m11] + 7edo_a.npz (1308 KB)
  [m39] + 7xqu_b.npz (261 KB)
  [m32] + 5xs3_a.npz (1005 KB)
  [m47] + 7ndq_c.npz (1 KB)
  [m42] + 7dc6_e.npz (1 KB)
  [m17] + 5fa3_c.npz (1 KB)
  [m25] + 6pbh_a.npz (980 KB)
  [m46] + 4hs3_a.npz (972 KB)
  [m47] + 7dzm_c.npz (1 KB)
  [m7] + 7emd_c.npz (1 KB)
  [m36] + 3qq4_c.npz (1 KB)
  [m18] + 3rwi_c.npz (1 KB)
  [m36] + 7rk7_c.npz (1 KB)
  [m4] + 6uj9_a.npz (1067 KB)
  [m8] + 3rwg_c.npz (1 KB)
  [m40] + 3p4m_c.npz (1 KB)
  [m11] + 6nca_a.npz (1 KB)
  [m28] + 1vgk_a.npz (974 KB)
  [m9] + 5vue_c.npz (1 KB)
  [m31] + 1ktl_e.npz (1 KB)
  [m5] + 3c9n_c.npz (1 KB)
  [m24] + 3l3j_c.npz (1 KB)
  [m42] + 3dtx_c.npz (1 KB)
  [m37] + 5vwj_a.npz (992 KB)
  [m18] + 3vfo_a.npz (998 KB)
  [m20] + 4pv8_e.npz (1 KB)
  [m46] + 2oi9_a.npz (649 KB)
  [m12] + 6vmx_c.npz (1 KB)
  [m7] + 6o53_c.npz (1 KB)
  [m21] + 5e8n_c.npz (1 KB)
  [m9] + 5j6g_a.npz (1074 KB)
  [m46] + 8gqv_a.npz (972 KB)
  [m46] + 4prb_c.npz (1 KB)
  [m39] + 1s7r_c.npz (1 KB)
  [m10] + 1jpg_c.npz (1 KB)
  [m47] + 1e27_c.npz (1 KB)
  [m9] + 6a2b_c.npz (1 KB)
  [m38] + 7duu_c.npz (1 KB)
  [m13] + 3spv_c.npz (1 KB)
  [m5] + 8if1_a.npz (1051 KB)
  [m21] + 5w6a_e.npz (1 KB)
  [m15] + 3i6k_c.npz (1 KB)
  [m7] + 3bw9_c.npz (1 KB)
  [m4] + 7n2p_c.npz (1 KB)
  [m13] + 6vqy_e.npz (1 KB)
  [m1] + 7kgr_c.npz (1 KB)
  [m6] + 4pge_c.npz (1 KB)
  [m5] + 4iho_a.npz (966 KB)
  [m5] + 4jfd_c.npz (1 KB)
  [m0] + 6tdo_a.npz (950 KB)
  [m3] + 5wsh_c.npz (1 KB)
  [m32] + 1s8d_c.npz (1 KB)
  [m6] + 5ind_e.npz (1 KB)
  [m33] + 3p4n_c.npz (1 KB)
  [m33] + 5wli_c.npz (1 KB)
  [m18] + 4hv8_e.npz (1 KB)
  [m17] + 8d5e_c.npz (1 KB)
  [m23] + 5d9s_c.npz (1 KB)
  [m0] + 2hla_a.npz (948 KB)
  [m37] + 6uon_e.npz (1036 KB)
  [m4] + 2bnr_a.npz (988 KB)
  [m14] + 8sbl_c.npz (1 KB)
  [m25] + 3bze_i.npz (1 KB)
  [m1] + 5ad0_c.npz (1 KB)
  [m46] + 3fol_c.npz (1 KB)
  [m38] + 5wxc_e.npz (1 KB)
  [m23] + 6p2c_c.npz (1 KB)
  [m8] + 6ujo_c.npz (1 KB)
  [m9] + 5f7d_c.npz (1 KB)
  [m40] + 3ixa_a.npz (978 KB)
  [m33] + 6ghn_e.npz (1 KB)
  [m8] + 4hkj_a.npz (995 KB)
  [m12] + 6ssa_c.npz (1 KB)
  [m9] + 7cjq_b.npz (280 KB)
  [m2] + 6m24_a.npz (1008 KB)
  [m11] + 1kpr_e.npz (1 KB)
  [m34] + 4o2e_c.npz (1 KB)
  [m19] + 6avg_a.npz (253 KB)
  [m21] + 7ndu_c.npz (1 KB)
  [m46] + 3vri_c.npz (1 KB)
  [m43] + 5gr7_c.npz (1 KB)
  [m9] + 7ejm_c.npz (1 KB)
  [m42] + 3pwv_a.npz (1004 KB)
  [m15] + 3kpn_c.npz (1 KB)
  [m37] + 3kpr_c.npz (1 KB)
  [m18] + 7wt5_c.npz (1 KB)
  [m44] + 5n1y_c.npz (1 KB)
  [m16] + 5ymv_c.npz (1 KB)
  [m47] + 7wt4_a.npz (992 KB)
  [m43] + 3vfv_c.npz (1 KB)
  [m17] + 6l9m_c.npz (1 KB)
  [m5] + 6wzy_c.npz (1 KB)
  [m41] + 4l8d_e.npz (1 KB)
  [m19] + 4z76_c.npz (1 KB)
  [m32] + 5w67_c.npz (1 KB)
  [m21] + 4f7p_c.npz (1 KB)
  [m44] + 7emb_c.npz (1 KB)
  [m23] + 4u1k_a.npz (991 KB)
  [m31] + 3bh9_c.npz (1 KB)
  [m29] + 2bck_c.npz (1 KB)
  [m1] + 6j2h_b.npz (252 KB)
  [m0] + 3pwl_c.npz (1 KB)
  [m18] + 8emf_c.npz (1 KB)
  [m31] + 8fhu_c.npz (1 KB)
  [m15] + 7sif_a.npz (1004 KB)
  [m20] + 6mt4_a.npz (1007 KB)
  [m14] + 7stf_d.npz (1014 KB)
  [m8] + 1agb_c.npz (1 KB)
  [m20] + 7zqi_a.npz (872 KB)
  [m41] + 4mxq_d.npz (1 KB)
  [m13] + 6lbe_b.npz (239 KB)
  [m46] + 8e13_c.npz (1 KB)
  [m40] + 6jto_c.npz (1 KB)
  [m30] + 3mr9_a.npz (1012 KB)
  [m2] + 8gon_c.npz (1 KB)
  [m14] + 2fwo_a.npz (966 KB)
  [m9] + 7yg3_c.npz (1 KB)
  [m46] + 1xr8_c.npz (1 KB)
  [m7] + 7p49_i.npz (1 KB)
  [m4] + 3quk_a.npz (982 KB)
  [m19] + 5eo0_c.npz (1 KB)
  [m31] + 7alo_a.npz (1011 KB)
  [m20] + 7x1c_a.npz (998 KB)
  [m30] + 7lfl_c.npz (1 KB)
  [m27] + 4jqx_c.npz (1 KB)
  [m36] + 6l9l_a.npz (638 KB)
  [m22] + 6j2e_c.npz (1 KB)
  [m20] + 4hx1_c.npz (1 KB)
  [m25] + 7s8r_c.npz (1 KB)
  [m21] + 3tjh_b.npz (1 KB)
  [m31] + 6avf_e.npz (1255 KB)
  [m31] + 3tie_e.npz (1 KB)
  [m10] + 4no5_c.npz (1 KB)
  [m36] + 6uzm_c.npz (1 KB)
  [m32] + 3l3g_c.npz (1 KB)
  [m42] + 7bh8_a.npz (951 KB)
  [m26] + 6vqe_c.npz (1 KB)
  [m0] + 8d5n_a.npz (1002 KB)
  [m8] + 3p4o_a.npz (987 KB)
  [m29] + 7mj6_c.npz (1 KB)
  [m9] + 1bz9_a.npz (983 KB)
  [m34] + 7su9_c.npz (1060 KB)
  [m23] + 6jq2_b.npz (1 KB)
  [m45] + 3skm_c.npz (1 KB)
  [m38] + 4pgb_c.npz (1 KB)
  [m13] + 2zsw_i.npz (1 KB)
  [m42] + 3pqy_a.npz (967 KB)
  [m35] + 3x11_a.npz (963 KB)
  [m44] + 5ts1_a.npz (970 KB)
  [m5] + 2ol3_c.npz (990 KB)
  [m18] + 7kgq_c.npz (1 KB)
  [m27] + 4qrs_a.npz (985 KB)
  [m46] + 7lfz_c.npz (1 KB)
  [m27] + 3vrj_c.npz (1 KB)
  [m47] + 5eu4_c.npz (1 KB)
  [m4] + 2v2x_c.npz (1 KB)
  [m27] + 3fqu_c.npz (1 KB)
  [m45] + 7x1b_c.npz (1 KB)
  [m10] + 7xf3_a.npz (983 KB)
  [m19] + 4n5e_d.npz (1 KB)
  [m10] + 3bo8_c.npz (1 KB)
  [m25] + 1im9_a.npz (1002 KB)
  [m47] + 7jyx_c.npz (1 KB)
  [m15] + 5yxu_e.npz (980 KB)
  [m43] + 3i6g_a.npz (976 KB)
  [m18] + 7dyn_c.npz (1 KB)
  [m38] + 1fg2_c.npz (1 KB)
  [m8] + 4jfq_c.npz (1 KB)
  [m22] + 5yxn_d.npz (249 KB)
  [m40] + 2ypk_a.npz (963 KB)
  [m32] + 5ddh_c.npz (1 KB)
  [m12] + 6ujq_a.npz (975 KB)
  [m39] + 5hhm_c.npz (1 KB)
  [m15] + 2x4s_c.npz (1 KB)
  [m37] + 2x4o_c.npz (1 KB)
  [m24] + 3vfu_c.npz (1 KB)
  [m33] + 4gkn_c.npz (1 KB)
  [m23] + 7n2n_a.npz (1 KB)
  [m46] + 7cir_c.npz (1 KB)
  [m3] + 6j2f_c.npz (1 KB)
  [m6] + 5u98_c.npz (1 KB)
  [m38] + 6nf7_b.npz (249 KB)
  [m45] + 6mt5_c.npz (1 KB)
  [m2] + 7uc5_a.npz (1000 KB)
  [m21] + 6aee_a.npz (942 KB)
  [m6] + 8elg_a.npz (1011 KB)
  [m9] + 4zus_c.npz (1 KB)
  [m15] + 2nx5_c.npz (1 KB)
  [m13] + 5hhq_c.npz (1 KB)
  [m43] + 7dc6_b.npz (258 KB)
  [m6] + 3e3q_a.npz (613 KB)
  [m18] + 6vmc_e.npz (1 KB)
  [m17] + 4uq3_e.npz (1 KB)
  [m22] + 3ery_a.npz (633 KB)
  [m38] + 1hhg_c.npz (1 KB)
  [m25] + 6g3k_c.npz (1 KB)
  [m26] + 7p4b_i.npz (1 KB)
  [m45] + 5xmm_a.npz (1010 KB)
  [m10] + 3mrj_c.npz (1 KB)
  [m6] + 6vb2_b.npz (247 KB)
  [m32] + 3kpl_a.npz (968 KB)
  [m27] + 4huw_i.npz (1 KB)
  [m43] + 6z9v_c.npz (1 KB)
  [m7] + 4g42_e.npz (1 KB)
  [m43] + 7n1f_e.npz (1 KB)
  [m47] + 1kjv_c.npz (1 KB)
  [m45] + 5jwe_i.npz (1 KB)
  [m46] + 7wj3_c.npz (1 KB)
  [m43] + 1s9x_c.npz (1 KB)
  [m14] + 3rwd_c.npz (1 KB)
  [m15] + 3mri_c.npz (1 KB)
  [m35] + 3i6l_c.npz (1 KB)
  [m36] + 3e6f_a.npz (980 KB)
  [m16] + 6uzq_c.npz (1 KB)
  [m41] + 3bp7_c.npz (1 KB)
  [m7] + 7x00_c.npz (1 KB)
  [m39] + 5t6w_c.npz (1 KB)
  [m37] + 5ylx_c.npz (1 KB)
  [m4] + 7um2_a.npz (1252 KB)
  [m11] + 1kj3_a.npz (996 KB)
  [m42] + 7s8q_c.npz (1 KB)
  [m11] + 5eot_c.npz (1 KB)
  [m26] + 6ewc_c.npz (1 KB)
  [m24] + 5enw_c.npz (1 KB)
  [m13] + 4k7f_c.npz (1 KB)
  [m18] + 4nqv_a.npz (968 KB)
  [m23] + 4wdi_c.npz (1 KB)
  [m22] + 2gtw_c.npz (1 KB)
  [m20] + 6a2b_b.npz (82 KB)
  [m19] + 4n0c_b.npz (1 KB)
  [m47] + 8u9g_e.npz (1 KB)
  [m17] + 7zuc_c.npz (1 KB)
  [m43] + 5npz_a.npz (962 KB)
  [m39] + 4o2f_c.npz (1 KB)
  [m34] + 6zky_a.npz (950 KB)
  [m27] + 6wl3_b.npz (1 KB)
  [m31] + 7q99_c.npz (1 KB)
  [m6] + 1wbx_c.npz (1 KB)
  [m20] + 3fom_a.npz (976 KB)
  [m3] + 2hjk_c.npz (1 KB)
  [m27] + 6y29_c.npz (1 KB)
  [m11] + 1s7u_c.npz (1 KB)
  [m12] + 7em9_c.npz (1 KB)
  [m12] + 4cvx_c.npz (1 KB)
  [m6] + 6vqz_e.npz (1 KB)
  [m40] + 7jyu_c.npz (1 KB)
  [m7] + 6jtp_c.npz (1 KB)
  [m30] + 4d0d_a.npz (984 KB)
  [m25] + 1kjm_c.npz (1 KB)
  [m45] + 8fu4_c.npz (1 KB)
  [m28] + 4u1l_a.npz (943 KB)
  [m8] + 6vrn_a.npz (1002 KB)
  [m30] + 6vpz_c.npz (1 KB)
  [m27] + 3mrc_c.npz (1 KB)
  [m18] + 7sis_a.npz (988 KB)
  [m6] + 5wkh_c.npz (1 KB)
  [m17] + 6trn_c.npz (1 KB)
  [m42] + 5j6h_c.npz (1 KB)
  [m20] + 8gqw_c.npz (1 KB)
  [m38] + 4wj5_c.npz (1 KB)
  [m28] + 1inq_c.npz (1 KB)
  [m15] + 4qrr_e.npz (1 KB)
  [m40] + 3w0w_a.npz (1012 KB)
  [m34] + 7tlt_a.npz (1285 KB)
  [m4] + 1jpf_c.npz (1 KB)
  [m2] + 3sko_a.npz (999 KB)
  [m34] + 3bzf_a.npz (938 KB)
  [m26] + 5nq2_b.npz (250 KB)
  [m5] + 5wet_b.npz (237 KB)
  [m36] + 3lkq_c.npz (1 KB)
  [m27] + 7ciq_c.npz (1 KB)
  [m20] + 7re7_e.npz (1013 KB)
  [m26] + 7ema_c.npz (1 KB)
  [m45] + 4mji_a.npz (988 KB)
  [m27] + 8umo_e.npz (1 KB)
  [m29] + 3ecb_b.npz (238 KB)
  [m1] + 4g8i_c.npz (1 KB)
  [m31] + 5deg_a.npz (999 KB)
  [m46] + 6kwo_a.npz (960 KB)
  [m33] + 8tub_c.npz (1 KB)
  [m5] + 2h6p_c.npz (1 KB)
  [m35] + 6o9c_c.npz (1 KB)
  [m34] + 5bs0_c.npz (1 KB)
  [m25] + 3utt_c.npz (1 KB)
  [m45] + 6bxp_c.npz (1 KB)
  [m7] + 7p0t_b.npz (230 KB)
  [m3] + 7stf_b.npz (1 KB)
  [m32] + 5wes_c.npz (1 KB)
  [m25] + 6mt3_a.npz (985 KB)
  [m35] + 6kyu_b.npz (249 KB)
  [m22] + 3jts_a.npz (1000 KB)
  [m2] + 3bhb_c.npz (1 KB)
  [m32] + 3d18_c.npz (1 KB)
  [m30] + 3l3k_c.npz (1 KB)
  [m22] + 5w1w_a.npz (953 KB)
  [m9] + 1qew_c.npz (1 KB)
  [m3] + 3cpl_c.npz (1 KB)
  [m41] + 3x12_a.npz (965 KB)
  [m15] + 4pr5_c.npz (1 KB)
  [m22] + 6bj8_e.npz (1 KB)
  [m40] + 5gjx_a.npz (1148 KB)
  [m46] + 8ht1_a.npz (1010 KB)
  [m22] + 3rwg_b.npz (251 KB)
  [m20] + 4qrq_c.npz (1 KB)
  [m38] + 5ymw_a.npz (986 KB)
  [m18] + 5swq_c.npz (1 KB)
  [m32] + 6z9x_c.npz (1 KB)
  [m4] + 5ieh_c.npz (1 KB)
  [m17] + 6y2a_c.npz (1 KB)
  [m11] + 8d5f_c.npz (1 KB)
  [m20] + 7cjq_c.npz (1 KB)
  [m20] + 6j29_b.npz (1 KB)
  [m44] + 5vz5_a.npz (1013 KB)
  [m14] + 4g8g_c.npz (1 KB)
  [m7] + 6gb6_a.npz (980 KB)
  [m14] + 3vxs_e.npz (1 KB)
  [m45] + 1zt1_c.npz (1 KB)
  [m15] + 7ndt_c.npz (1 KB)
  [m43] + 3am8_e.npz (1 KB)
  [m46] + 3ft4_c.npz (1 KB)
  [m8] + 5iue_a.npz (987 KB)
  [m12] + 2ol3_e.npz (1 KB)
  [m5] + 5txs_a.npz (1071 KB)
  [m40] + 7lfj_a.npz (876 KB)
  [m45] + 1cg9_a.npz (996 KB)
  [m28] + 3gsw_c.npz (1 KB)
  [m42] + 6p2s_c.npz (1 KB)
  [m43] + 4qru_c.npz (1 KB)
  [m38] + 4hwz_a.npz (962 KB)
  [m28] + 7ow5_c.npz (1 KB)
  [m8] + 3qq3_c.npz (1 KB)
  [m2] + 1sys_c.npz (1 KB)
  [m20] + 7ejm_b.npz (253 KB)
  [m7] + 5v5l_a.npz (987 KB)
  [m3] + 6pag_a.npz (987 KB)
  [m27] + 7nui_c.npz (1 KB)
  [m41] + 1wbz_a.npz (979 KB)
  [m3] + 7ejl_c.npz (1 KB)
  [m37] + 2d31_a.npz (948 KB)
  [m11] + 7p3e_c.npz (1 KB)
  [m10] + 7n1b_c.npz (1 KB)
  [m17] + 7pb2_a.npz (1001 KB)
  [m35] + 2xpg_a.npz (1002 KB)
  [m27] + 1t1z_c.npz (1 KB)
  [m19] + 4u1s_a.npz (950 KB)
  [m6] + 2ve6_a.npz (970 KB)
  [m0] + 6iwg_c.npz (1 KB)
  [m17] + 4huv_c.npz (1 KB)
  [m26] + 7xqu_c.npz (1 KB)
  [m21] + 7nmf_a.npz (986 KB)
  [m5] + 6opd_c.npz (1 KB)
  [m14] + 6jtn_a.npz (1034 KB)
  [m16] + 5vuf_c.npz (1 KB)
  [m10] + 6w51_b.npz (259 KB)
  [m10] + 3bew_c.npz (1 KB)
  [m40] + 1t1x_c.npz (1 KB)
  [m12] + 3rwh_c.npz (1 KB)
  [m16] + 6d2b_c.npz (1 KB)
  [m27] + 7eu2_c.npz (1 KB)
  [m45] + 5m02_b.npz (259 KB)
  [m37] + 3tfk_b.npz (1 KB)
  [m1] + 6a6h_a.npz (1027 KB)
  [m18] + 1tmc_a.npz (608 KB)
  [m23] + 6lhf_a.npz (1015 KB)
  [m25] + 1zt7_a.npz (988 KB)
  [m1] + 6ei2_a.npz (967 KB)
  [m8] + 7r7y_c.npz (1 KB)
  [m33] + 2bsr_a.npz (989 KB)
  [m6] + 8dnt_d.npz (984 KB)
  [m0] + 4pgd_c.npz (1 KB)
  [m44] + 6amt_c.npz (1 KB)
  [m41] + 1i7t_c.npz (1 KB)
  [m12] + 7u21_c.npz (1 KB)
  [m44] + 7su9_e.npz (1 KB)
  [m38] + 6xqa_c.npz (1 KB)
  [m29] + 1rjz_c.npz (1 KB)
  [m21] + 8tuh_c.npz (1 KB)
  [m4] + 5eu3_c.npz (1 KB)
  [m27] + 4e0r_a.npz (1011 KB)
  [m19] + 3o3d_c.npz (1 KB)
  [m35] + 3mrn_c.npz (1 KB)
  [m11] + 6uzo_a.npz (1005 KB)
  [m30] + 5e8p_c.npz (1 KB)
  [m12] + 3vfn_a.npz (998 KB)
  [m11] + 6l9n_c.npz (1 KB)
  [m24] + 1ffp_c.npz (1 KB)
  [m44] + 6ilf_c.npz (1 KB)
  [m3] + 5vud_c.npz (1 KB)
  [m41] + 5gsb_c.npz (1 KB)
  [m23] + 6vb2_c.npz (1 KB)
  [m43] + 6vb3_a.npz (1000 KB)
  [m40] + 4d0b_c.npz (1 KB)
  [m37] + 1age_c.npz (1 KB)
  [m44] + 5e00_c.npz (1 KB)
  [m34] + 5fa4_c.npz (1 KB)
  [m45] + 5nq3_c.npz (1 KB)
  [m45] + 3lv3_c.npz (1 KB)
  [m47] + 7ji2_a.npz (995 KB)
  [m41] + 5wmn_e.npz (1 KB)
  [m3] + 7m8u_a.npz (1017 KB)
  [m32] + 3kyn_a.npz (940 KB)
  [m40] + 7mj8_c.npz (1 KB)
  [m28] + 1vad_a.npz (970 KB)
  [m27] + 5t7g_c.npz (1 KB)
  [m16] + 7ejn_c.npz (1 KB)
  [m12] + 1rjy_a.npz (994 KB)
  [m18] + 5weu_c.npz (1 KB)
  [m24] + 6ewo_c.npz (1 KB)
  [m32] + 3tbw_i.npz (1 KB)
  [m28] + 3ln4_a.npz (984 KB)
  [m31] + 8d5k_a.npz (981 KB)
  [m2] + 3ln5_c.npz (1 KB)
  [m38] + 6irl_a.npz (1028 KB)
  [m42] + 1t0n_a.npz (988 KB)
  [m30] + 3rol_e.npz (1 KB)
  [m37] + 7kgt_c.npz (1 KB)
  [m40] + 2axf_c.npz (1 KB)
  [m1] + 3rwj_c.npz (1 KB)
  [m6] + 7rzd_a.npz (978 KB)
  [m19] + 6jp3_a.npz (996 KB)
  [m1] + 8emi_c.npz (1 KB)
  [m23] + 8e2z_c.npz (1 KB)
  [m9] + 3e6h_c.npz (1 KB)
  [m28] + 1qqd_a.npz (984 KB)
  [m37] + 5iue_b.npz (239 KB)
  [m47] + 2hjl_c.npz (1 KB)
  [m15] + 1a1n_a.npz (1000 KB)
  [m3] + 3x14_a.npz (992 KB)
  [m1] + 7lfi_c.npz (1 KB)
  [m46] + 2zol_e.npz (1 KB)
  [m39] + 3gsu_c.npz (1 KB)
  [m40] + 8enh_c.npz (1 KB)
  [m24] + 4hv8_a.npz (993 KB)
  [m0] + 7dc6_a.npz (1029 KB)
  [m42] + 7n5c_a.npz (966 KB)
  [m45] + 2bnr_b.npz (250 KB)
  [m43] + 3l3i_c.npz (1 KB)
  [m36] + 6iex_a.npz (941 KB)
  [m41] + 3p9m_c.npz (1 KB)
  [m0] + 4zuw_a.npz (965 KB)
  [m37] + 1a1o_c.npz (1 KB)
  [m17] + 6kx9_a.npz (1036 KB)
  [m25] + 8erx_a.npz (942 KB)
  [m0] + 1xh3_c.npz (1 KB)
  [m10] + 6lup_c.npz (1 KB)
  [m24] + 5c0g_c.npz (1 KB)
  [m37] + 4ms8_c.npz (644 KB)
  [m21] + 6gh1_a.npz (955 KB)
  [m12] + 7xqs_c.npz (1 KB)
  [m12] + 3qul_c.npz (1 KB)
  [m28] + 8fhl_c.npz (1 KB)
  [m12] + 1zvs_c.npz (1 KB)
  [m6] + 5vgd_a.npz (1041 KB)
  [m32] + 6uj9_c.npz (1 KB)
  [m3] + 1qrn_c.npz (1 KB)
  [m2] + 4u1m_c.npz (1 KB)
  [m18] + 4jqv_a.npz (989 KB)
  [m26] + 5f9j_c.npz (1 KB)
  [m19] + 4mj6_c.npz (1 KB)
  [m20] + 1jge_c.npz (1 KB)
  [m47] + 6tmo_c.npz (1 KB)
  [m4] + 7stf_e.npz (253 KB)
  [m46] + 5wet_a.npz (980 KB)
  [m39] + 6p2f_c.npz (1 KB)
  [m25] + 7m8t_c.npz (1 KB)
  [m14] + 2axg_a.npz (1010 KB)
  [m33] + 3mrb_c.npz (1 KB)
  [m28] + 6pyv_a.npz (978 KB)
  [m38] + 6vb5_b.npz (250 KB)
  [m12] + 8i5d_e.npz (1 KB)
  [m31] + 7cpo_c.npz (1 KB)
  [m19] + 6zkz_c.npz (1 KB)
  [m30] + 5c08_c.npz (1 KB)
  [m9] + 8d5j_c.npz (1 KB)
  [m33] + 7kgo_c.npz (1 KB)
  [m44] + 4cw1_c.npz (1 KB)
  [m27] + 2uwe_c.npz (1 KB)
  [m12] + 6at9_a.npz (997 KB)
  [m43] + 5xot_a.npz (1006 KB)
  [m35] + 3fqx_c.npz (1 KB)
  [m14] + 4d0c_a.npz (1035 KB)
  [m37] + 5iek_a.npz (998 KB)
  [m23] + 3mrd_c.npz (1 KB)
  [m36] + 1vac_c.npz (1 KB)
  [m39] + 7byd_a.npz (978 KB)
  [m23] + 7tud_c.npz (1 KB)
  [m21] + 8ht9_a.npz (1002 KB)
  [m42] + 6j2h_a.npz (926 KB)
  [m46] + 4no3_c.npz (1 KB)
  [m4] + 2hn7_c.npz (1 KB)
  [m5] + 8gvg_e.npz (1 KB)
  [m1] + 5h5z_c.npz (1 KB)
  [m32] + 3bev_a.npz (995 KB)
  [m8] + 5nq0_a.npz (949 KB)
  [m20] + 5nmf_c.npz (1 KB)
  [m26] + 3pab_c.npz (1 KB)
  [m43] + 7n1a_a.npz (980 KB)
  [m32] + 4u6y_c.npz (1 KB)
  [m27] + 5m01_e.npz (1 KB)
  [m30] + 4iho_c.npz (1 KB)
  [m1] + 5mep_c.npz (1 KB)
  [m39] + 4u1n_a.npz (994 KB)
  [m9] + 3lkn_c.npz (1 KB)
  [m40] + 1kj3_b.npz (1 KB)
  [m34] + 5t6x_c.npz (1 KB)
  [m15] + 3bzf_b.npz (254 KB)
  [m47] + 6d29_c.npz (1 KB)
  [m10] + 7mja_c.npz (1 KB)
  [m39] + 6pz5_a.npz (988 KB)
  [m38] + 5wxc_b.npz (250 KB)
  [m24] + 1juf_c.npz (1 KB)
  [m3] + 1efx_a.npz (1014 KB)
  [m26] + 1jpg_a.npz (987 KB)
  [m9] + 3vh8_a.npz (956 KB)
  [m42] + 8d5n_e.npz (237 KB)
  [m21] + 1ffo_c.npz (1 KB)
  [m3] + 7wbg_a.npz (1010 KB)
  [m42] + 3bvn_a.npz (1008 KB)
  [m28] + 5f1n_c.npz (1 KB)
  [m33] + 6vm9_c.npz (1 KB)
  [m32] + 3quk_c.npz (1 KB)
  [m32] + 7xqt_c.npz (1 KB)
  [m20] + 3vfr_c.npz (1 KB)
  [m11] + 2dyp_c.npz (1 KB)
  [m30] + 3giv_c.npz (1 KB)
  [m21] + 2vaa_c.npz (1 KB)
  [m25] + 7ejm_a.npz (1005 KB)
  [m13] + 2x4q_b.npz (250 KB)
  [m41] + 7t0l_a.npz (990 KB)
  [m26] + 6gh4_i.npz (1 KB)
  [m7] + 6nf7_a.npz (1015 KB)
  [m43] + 1ffn_a.npz (957 KB)
  [m3] + 5knm_d.npz (1 KB)
  [m44] + 2clr_c.npz (1 KB)
  [m42] + 5fa3_a.npz (964 KB)
  [m20] + 3kyo_e.npz (1 KB)
  [m34] + 6p27_c.npz (1 KB)
  [m14] + 5mer_c.npz (1 KB)
  [m2] + 5e8o_b.npz (1 KB)
  [m28] + 7n2n_b.npz (996 KB)
  [m47] + 7r7v_a.npz (995 KB)
  [m39] + 4mvb_d.npz (1 KB)
  [m3] + 6kwo_b.npz (255 KB)
  [m19] + 1s7r_a.npz (1198 KB)
  [m35] + 2x4t_c.npz (1 KB)
  [m26] + 6ss9_c.npz (1 KB)
  [m39] + 6h6d_c.npz (1 KB)
  [m37] + 1w0w_c.npz (1 KB)
  [m25] + 7t5m_e.npz (1 KB)
  [m21] + 6lah_a.npz (1001 KB)
  [m24] + 3wl9_c.npz (1 KB)
  [m25] + 7yg3_a.npz (992 KB)
  [m0] 2000 members, 12 kept, 14 hdr/s, at 1.4 GB
  [m13] 2000 members, 11 kept, 14 hdr/s, at 30.5 GB
  [m29] 2000 members, 4 kept, 14 hdr/s, at 66.2 GB
  [m1] 2000 members, 13 kept, 14 hdr/s, at 3.6 GB
  [m16] 2000 members, 7 kept, 14 hdr/s, at 37.2 GB
  [m25] + 3tpu_d.npz (1 KB)
  [m17] 2000 members, 13 kept, 14 hdr/s, at 39.4 GB
  [m10] 2000 members, 11 kept, 14 hdr/s, at 23.7 GB
  [m16] + 2xpg_b.npz (252 KB)
  [m23] 2000 members, 13 kept, 14 hdr/s, at 52.8 GB
  [m14] + 1qsf_c.npz (1 KB)
  [m30] 2000 members, 15 kept, 14 hdr/s, at 68.4 GB
  [m22] + 6j2i_c.npz (1 KB)
  [m7] 2000 members, 13 kept, 14 hdr/s, at 17.1 GB
  [m31] 2000 members, 12 kept, 14 hdr/s, at 70.6 GB
  [m15] 2000 members, 15 kept, 14 hdr/s, at 34.9 GB
  [m35] 2000 members, 12 kept, 14 hdr/s, at 79.5 GB
  [m44] 2000 members, 13 kept, 14 hdr/s, at 99.6 GB
  [m26] 2000 members, 13 kept, 14 hdr/s, at 59.4 GB
  [m12] 2000 members, 16 kept, 14 hdr/s, at 28.2 GB
  [m22] 2000 members, 15 kept, 14 hdr/s, at 50.5 GB
  [m39] 2000 members, 15 kept, 14 hdr/s, at 88.5 GB
  [m24] + 4l8c_i.npz (1 KB)
  [m14] + 7lfk_c.npz (1 KB)
  [m14] 2000 members, 13 kept, 14 hdr/s, at 32.6 GB
  [m2] 2000 members, 13 kept, 14 hdr/s, at 5.9 GB
  [m6] 2000 members, 14 kept, 14 hdr/s, at 14.8 GB
  [m36] 2000 members, 11 kept, 14 hdr/s, at 81.8 GB
  [m32] + 6lt6_b.npz (249 KB)
  [m24] 2000 members, 11 kept, 14 hdr/s, at 55.0 GB
  [m46] 2000 members, 21 kept, 14 hdr/s, at 104.1 GB
  [m33] 2000 members, 12 kept, 14 hdr/s, at 75.1 GB
  [m12] + 7ndq_a.npz (951 KB)
  [m18] 2000 members, 17 kept, 14 hdr/s, at 41.6 GB
  [m20] 2000 members, 23 kept, 14 hdr/s, at 46.1 GB
  [m41] 2000 members, 14 kept, 14 hdr/s, at 93.0 GB
  [m29] + 4nqx_m.npz (1 KB)
  [m37] 2000 members, 20 kept, 14 hdr/s, at 84.0 GB
  [m5] 2000 members, 16 kept, 14 hdr/s, at 12.6 GB
  [m11] 2000 members, 15 kept, 14 hdr/s, at 25.9 GB
  [m4] 2000 members, 15 kept, 14 hdr/s, at 10.4 GB
  [m26] + 1a1m_c.npz (1 KB)
  [m32] 2000 members, 23 kept, 14 hdr/s, at 72.8 GB
  [m21] 2000 members, 17 kept, 14 hdr/s, at 48.4 GB
  [m11] + 5jwd_c.npz (1 KB)
  [m34] 2000 members, 12 kept, 14 hdr/s, at 77.4 GB
  [m28] + 6kwk_b.npz (254 KB)
  [m16] + 3pwv_c.npz (1 KB)
  [m39] + 4xxc_a.npz (986 KB)
  [m17] + 6lhg_a.npz (970 KB)
  [m3] 2000 members, 20 kept, 14 hdr/s, at 8.2 GB
  [m19] 2000 members, 17 kept, 14 hdr/s, at 43.8 GB
  [m47] 2000 members, 20 kept, 14 hdr/s, at 106.3 GB
  [m38] 2000 members, 16 kept, 14 hdr/s, at 86.2 GB
  [m9] 2000 members, 19 kept, 14 hdr/s, at 21.5 GB
  [m43] 2000 members, 18 kept, 14 hdr/s, at 97.5 GB
  [m45] 2000 members, 16 kept, 14 hdr/s, at 101.8 GB
  [m14] + 8emk_c.npz (1 KB)
  [m27] 2000 members, 20 kept, 14 hdr/s, at 61.7 GB
  [m31] + 4d0c_b.npz (268 KB)
  [m30] + 3vft_c.npz (1 KB)
  [m25] 2000 members, 19 kept, 14 hdr/s, at 57.2 GB
  [m42] 2000 members, 17 kept, 14 hdr/s, at 95.2 GB
  [m41] + 3tid_c.npz (1 KB)
  [m28] + 6lhf_b.npz (263 KB)
  [m3] + 5gsd_c.npz (1 KB)
  [m40] 2000 members, 18 kept, 14 hdr/s, at 90.7 GB
  [m33] + 3fqt_c.npz (1 KB)
  [m41] + 3qfj_c.npz (1 KB)
  [m38] + 6ilg_c.npz (1 KB)
  [m40] + 3vfo_c.npz (1 KB)
  [m28] 2000 members, 19 kept, 14 hdr/s, at 64.0 GB
  [m8] 2000 members, 23 kept, 14 hdr/s, at 19.3 GB
  [m17] + 5gr7_a.npz (971 KB)
  [m14] + 5gjy_c.npz (1 KB)
  [m35] + 3upr_a.npz (958 KB)
  [m5] + 1ld9_c.npz (1 KB)
  [m39] + 3buy_c.npz (1 KB)
  [m38] + 4ms8_d.npz (1 KB)
  [m36] + 7wkj_c.npz (1 KB)
  [m42] + 1ed3_b.npz (247 KB)
  [m43] + 7nmg_c.npz (1 KB)
  [m38] + 6d2r_c.npz (1 KB)
  [m9] + 3ws6_e.npz (1 KB)
  [m32] + 5c0j_c.npz (1 KB)
  [m11] + 1t0m_c.npz (1 KB)
  [m46] + 3mrl_c.npz (1 KB)
  [m34] + 8ec5_c.npz (1 KB)
  [m31] + 6vqd_c.npz (1 KB)
  [m20] + 6jto_a.npz (1036 KB)
  [m29] + 8ek5_a.npz (990 KB)
  [m8] + 4z78_c.npz (1 KB)
  [m23] + 3fqr_c.npz (1 KB)
  [m12] + 5h94_c.npz (1 KB)
  [m11] + 7lgt_e.npz (1 KB)
  [m30] + 7wcy_c.npz (1 KB)
  [m35] + 8hsw_b.npz (243 KB)
  [m9] + 2xfx_c.npz (1 KB)
  [m26] + 7xf3_c.npz (1 KB)
  [m29] + 6o9b_c.npz (1 KB)
  [m46] + 5meo_c.npz (1 KB)
  [m4] + 5b39_c.npz (1 KB)
  [m47] + 3x13_a.npz (992 KB)
  [m24] + 7edo_c.npz (1 KB)
  [m34] + 6kx9_b.npz (262 KB)
  [m3] + 1i7r_c.npz (1 KB)
  [m34] + 1ydp_a.npz (933 KB)
  [m0] + 1wby_c.npz (1 KB)
  [m38] + 6vrn_e.npz (1 KB)
  [m9] + 5gjx_b.npz (250 KB)
  [m25] + 6a2b_a.npz (828 KB)
  [m3] + 6lf9_c.npz (1 KB)
  [m35] + 7kgr_a.npz (991 KB)
  [m41] + 4z76_a.npz (969 KB)
  [m38] + 1hsa_c.npz (1 KB)
  [m9] + 7phr_f.npz (1027 KB)
  [m16] + 6kyu_a.npz (1097 KB)
  [m4] + 8i5d_c.npz (973 KB)
  [m17] + 4g43_c.npz (1 KB)
  [m15] + 5ts1_c.npz (1 KB)
  [m43] + 3bwa_c.npz (1 KB)
  [m26] + 4prh_a.npz (1026 KB)
  [m30] + 6wzy_a.npz (985 KB)
  [m3] + 1eez_c.npz (1 KB)
  [m19] + 5nq2_a.npz (1040 KB)
  [m22] + 7lg2_c.npz (1 KB)
  [m47] + 8hso_c.npz (1 KB)
  [m23] + 6mpp_a.npz (979 KB)
  [m21] + 3mrh_c.npz (1 KB)
  [m10] + 3mrf_c.npz (1 KB)
  [m20] + 3v5h_c.npz (1 KB)
  [m40] + 3ftg_c.npz (1 KB)
  [m40] + 7re7_i.npz (1 KB)
  [m8] + 6zkx_c.npz (1 KB)
  [m5] + 1syv_a.npz (988 KB)
  [m46] + 6y26_c.npz (1 KB)
  [m11] + 3gsr_c.npz (1 KB)
  [m1] + 7u1r_c.npz (1 KB)
  [m43] + 3sjv_a.npz (990 KB)
  [m22] + 3ecb_a.npz (981 KB)
  [m33] + 3fon_c.npz (1 KB)
  [m21] + 1qqd_b.npz (250 KB)
  [m25] + 6o4z_c.npz (1 KB)
  [m38] + 7eu2_b.npz (250 KB)
  [m33] + 6m24_c.npz (1 KB)
  [m32] + 7um2_c.npz (1 KB)
  [m39] + 4hx1_a.npz (967 KB)
  [m39] + 7x1c_c.npz (1 KB)
  [m21] + 2x4r_c.npz (1 KB)
  [m47] + 3gsx_c.npz (1 KB)
  [m5] + 3rwh_b.npz (245 KB)
  [m30] + 3vxn_c.npz (1 KB)
  [m39] + 6mt4_c.npz (1 KB)
  [m14] + 8gqv_c.npz (1 KB)
  [m39] + 7zqi_c.npz (1 KB)
  [m21] + 8umo_a.npz (896 KB)
  [m45] + 2av7_a.npz (975 KB)
  [m38] + 5hho_e.npz (1 KB)
  [m16] + 3gsq_c.npz (1 KB)
  [m11] + 5mzm_c.npz (1 KB)
  [m44] + 6o4y_c.npz (1 KB)
  [m4] + 1k8d_a.npz (953 KB)
  [m42] + 6a6h_b.npz (256 KB)
  [m45] + 2fwo_c.npz (1 KB)
  [m42] + 8shi_a.npz (1034 KB)
  [m27] + 3p4o_c.npz (1 KB)
  [m10] + 5swz_a.npz (985 KB)
  [m10] + 6vb0_c.npz (1 KB)
  [m28] + 1i1y_c.npz (1 KB)
  [m22] + 4o2c_c.npz (1 KB)
  [m13] + 3bgm_c.npz (1 KB)
  [m46] + 6ujq_c.npz (1 KB)
  [m23] + 6tro_c.npz (1 KB)
  [m37] + 7emc_c.npz (1 KB)
  [m13] + 5xmm_c.npz (1 KB)
  [m30] + 6g3j_c.npz (1 KB)
  [m37] + 5nq0_b.npz (250 KB)
  [m9] + 1qr1_c.npz (1 KB)
  [m31] + 1hsb_c.npz (1 KB)
  [m15] + 5n1y_a.npz (989 KB)
  [m40] + 5eu5_c.npz (1 KB)
  [m15] + 6gb7_i.npz (1 KB)
  [m17] + 1g6r_e.npz (1 KB)
  [m11] + 6pbh_c.npz (1 KB)
  [m12] + 7kgp_c.npz (1 KB)
  [m16] + 6jq3_b.npz (1 KB)
  [m36] + 6z9w_c.npz (1 KB)
  [m3] + 5xs3_c.npz (1 KB)
  [m28] + 6wl4_a.npz (703 KB)
  [m9] + 6ile_a.npz (937 KB)
  [m37] + 5c0i_c.npz (1 KB)
  [m35] + 1nan_e.npz (1 KB)
  [m42] + 5ib4_c.npz (1 KB)
  [m32] + 3vxs_a.npz (975 KB)
  [m0] + 3i6l_a.npz (992 KB)
  [m32] + 5grg_c.npz (1 KB)
  [m9] + 6j2g_c.npz (1 KB)
  [m25] + 1bz9_c.npz (1 KB)
  [m10] + 3ft2_c.npz (1 KB)
  [m40] + 7wt5_a.npz (997 KB)
  [m36] + 1s9y_c.npz (1 KB)
  [m7] + 4qrs_c.npz (1 KB)
  [m8] + 1vgk_c.npz (1 KB)
  [m47] + 5hhq_a.npz (967 KB)
  [m1] + 5wli_a.npz (984 KB)
  [m42] + 8d5e_a.npz (996 KB)
  [m13] + 4pv9_e.npz (1 KB)
  [m31] + 3d39_c.npz (1 KB)
  [m3] + 5xmf_a.npz (1022 KB)
  [m17] + 3i6g_c.npz (1 KB)
  [m4] + 3mr9_c.npz (1 KB)
  [m12] + 5kd4_c.npz (1 KB)
  [m6] + 2bck_a.npz (1033 KB)
  [m1] + 3v5k_c.npz (1 KB)
  [m43] + 7sif_c.npz (1 KB)
  [m2] + 4l3c_c.npz (1 KB)
  [m25] + 4zus_a.npz (981 KB)
  [m6] + 3jtt_c.npz (1 KB)
  [m14] + 7wj3_a.npz (996 KB)
  [m21] + 7duu_a.npz (987 KB)
  [m27] + 3qq3_a.npz (957 KB)
  [m11] + 1wbz_e.npz (1 KB)
  [m7] + 4jqx_a.npz (977 KB)
  [m23] + 4uq2_e.npz (1 KB)
  [m42] + 2x4n_c.npz (1 KB)
  [m17] + 3vj6_a.npz (889 KB)
  [m7] + 3wlb_c.npz (1 KB)
  [m24] + 3bh8_c.npz (1 KB)
  [m38] + 1qlf_c.npz (1 KB)
  [m37] + 4i4w_c.npz (1 KB)
  [m38] + 3o3a_c.npz (1 KB)
  [m35] + 7mj7_c.npz (1 KB)
  [m27] + 5fdw_c.npz (1 KB)
  [m1] + 5wmp_b.npz (246 KB)
  [m20] + 3rwe_c.npz (1 KB)
  [m7] + 6irl_b.npz (262 KB)
  [m36] + 4f7m_c.npz (1 KB)
  [m10] + 6ptb_c.npz (1 KB)
  [m13] + 8d5q_c.npz (640 KB)
  [m18] + 3bp7_a.npz (987 KB)
  [m12] + 1ktl_a.npz (942 KB)
  [m5] + 6mtl_c.npz (1 KB)
  [m13] + 4mji_c.npz (1 KB)
  [m1] + 5w69_i.npz (1 KB)
  [m16] + 5j6h_a.npz (1054 KB)
  [m32] + 2zok_i.npz (1 KB)
  [m7] + 3vrj_a.npz (963 KB)
  [m39] + 7cis_c.npz (1 KB)
  [m33] + 7uc5_c.npz (1 KB)
  [m7] + 2mha_a.npz (950 KB)
  [m28] + 8elg_c.npz (1 KB)
  [m32] + 1fo0_a.npz (974 KB)
  [m36] + 5f1n_b.npz (294 KB)
  [m5] + 7alo_c.npz (1 KB)
  [m40] + 7sis_c.npz (1 KB)
  [m1] + 1agc_c.npz (1 KB)
  [m11] + 7s8r_a.npz (1004 KB)
  [m13] + 1zt1_a.npz (982 KB)
  [m0] + 3h9s_c.npz (1 KB)
  [m30] + 7s8s_c.npz (1 KB)
  [m9] + 4nny_c.npz (1 KB)
  [m13] + 1cg9_c.npz (1 KB)
  [m29] + 4no0_c.npz (1 KB)
  [m2] + 4mj5_c.npz (1 KB)
  [m41] + 3mgt_c.npz (1 KB)
  [m32] + 6ss8_c.npz (1 KB)
  [m5] + 5gsr_e.npz (1 KB)
  [m26] + 4u6x_c.npz (1 KB)
  [m13] + 3bev_b.npz (268 KB)
  [m37] + 6ewa_c.npz (1 KB)
  [m5] + 7xqs_b.npz (290 KB)
  [m2] + 5bs0_a.npz (973 KB)
  [m44] + 6uzq_a.npz (993 KB)
  [m32] + 3cc5_c.npz (1 KB)
  [m2] + 3bzf_c.npz (1 KB)
  [m6] + 3tbt_c.npz (1 KB)
  [m3] + 3mrk_c.npz (1 KB)
  [m33] + 7zqj_c.npz (1 KB)
  [m36] + 4zfz_c.npz (1 KB)
  [m28] + 2ve6_c.npz (1 KB)
  [m9] + 7na5_c.npz (1 KB)
  [m11] + 7n5q_a.npz (985 KB)
  [m3] + 5w67_a.npz (1030 KB)
  [m20] + 7phr_g.npz (243 KB)
  [m19] + 1i1f_c.npz (1 KB)
  [m38] + 3pwj_c.npz (1 KB)
  [m20] + 5gjx_c.npz (1 KB)
  [m0] + 4cvz_c.npz (1 KB)
  [m35] + 1duy_c.npz (1 KB)
  [m36] + 6kwk_c.npz (1 KB)
  [m36] + 2bst_c.npz (1 KB)
  [m22] + 1s7w_c.npz (1 KB)
  [m6] + 7dzn_a.npz (987 KB)
  [m22] + 3e6f_c.npz (1 KB)
  [m5] + 1s7t_c.npz (1 KB)
  [m14] + 3vfs_c.npz (1 KB)
  [m21] + 4pgb_a.npz (1030 KB)
  [m28] + 7s79_c.npz (1 KB)
  [m39] + 1xr9_c.npz (1 KB)
  [m45] + 5m02_e.npz (1 KB)
  [m10] + 4jfe_c.npz (1 KB)
  [m24] + 4pg2_c.npz (1 KB)
  [m26] + 3bew_a.npz (990 KB)
  [m36] + 3vfw_c.npz (1 KB)
  [m15] + 5h5z_b.npz (253 KB)
  [m37] + 5grd_c.npz (1 KB)
  [m32] + 5ieh_a.npz (1002 KB)
  [m14] + 6kwo_c.npz (1 KB)
  [m1] + 3rwf_c.npz (1 KB)
  [m38] + 4n8v_e.npz (1 KB)
  [m33] + 1sys_a.npz (969 KB)
  [m29] + 8tbw_c.npz (1 KB)
  [m45] + 7cpo_b.npz (212 KB)
  [m20] + 8emj_c.npz (1 KB)
  [m12] + 5eo1_c.npz (1 KB)
  [m38] + 5w1w_c.npz (1 KB)
  [m38] + 3jts_c.npz (1 KB)
  [m20] + 2xfx_b.npz (280 KB)
  [m12] + 1kjv_a.npz (1025 KB)
  [m11] + 7phr_h.npz (1 KB)
  [m18] + 7m8s_c.npz (1 KB)
  [m32] + 7wt3_c.npz (1 KB)
  [m4] + 4d0d_c.npz (1 KB)
  [m44] + 4pgc_c.npz (1 KB)
  [m29] + 8en8_c.npz (1 KB)
  [m14] + 3ft4_a.npz (961 KB)
  [m30] + 5txs_c.npz (1 KB)
  [m20] + 7lfj_c.npz (1 KB)
  [m3] + 4pri_c.npz (1 KB)
  [m6] + 6vma_e.npz (1 KB)
  [m26] + 6uj8_c.npz (1 KB)
  [m31] + 3cpl_a.npz (967 KB)
  [m0] + 2xpg_c.npz (1 KB)
  [m47] + 4zuu_c.npz (1 KB)
  [m14] + 8ht1_c.npz (1 KB)
  [m29] + 6gb6_c.npz (242 KB)
  [m46] + 4jfo_c.npz (1 KB)
  [m23] + 6luo_a.npz (211 KB)
  [m3] + 3d18_a.npz (978 KB)
  [m37] + 8tuh_a.npz (989 KB)
  [m20] + 3mrp_c.npz (1 KB)
  [m13] + 5nq3_a.npz (953 KB)
  [m0] + 4gks_c.npz (1 KB)
  [m24] + 6uzo_c.npz (1 KB)
  [m4] + 4lnr_c.npz (1 KB)
  [m35] + 1ed3_c.npz (1 KB)
  [m15] + 6ilf_a.npz (935 KB)
  [m46] + 7em9_a.npz (998 KB)
  [m24] + 6l9n_a.npz (993 KB)
  [m45] + 8fjb_c.npz (1 KB)
  [m40] + 1tmc_c.npz (1 KB)
  [m13] + 7p0a_c.npz (1 KB)
  [m25] + 3e6h_a.npz (971 KB)
  [m39] + 3fqw_c.npz (1 KB)
  [m27] + 6pa1_a.npz (978 KB)
  [m31] + 6pag_c.npz (1 KB)
  [m3] + 5wes_a.npz (980 KB)
  [m39] + 7cjq_a.npz (1025 KB)
  [m28] + 7rzd_c.npz (1 KB)
  [m12] + 3pwn_c.npz (1 KB)
  [m44] + 8tq9_a.npz (975 KB)
  [m23] + 2v2w_c.npz (1 KB)
  [m28] + 5vgd_c.npz (1 KB)
  [m3] + 2x4q_c.npz (1 KB)
  [m34] + 6iwg_a.npz (991 KB)
  [m6] + 7kgs_c.npz (1 KB)
  [m26] + 6lup_a.npz (748 KB)
  [m35] + 6ei2_c.npz (1 KB)
  [m24] + 5gsx_c.npz (1 KB)
  [m35] + 6a6h_c.npz (1 KB)
  [m39] + 3fom_c.npz (1 KB)
  [m26] + 3tbv_i.npz (1 KB)
  [m21] + 4hwz_c.npz (1 KB)
  [m33] + 7sa2_c.npz (1 KB)
  [m37] + 5c07_c.npz (1 KB)
  [m11] + 1kjm_a.npz (1032 KB)
  [m41] + 7lgt_a.npz (1005 KB)
  [m19] + 7wvw_a.npz (1 KB)
  [m2] + 5fa4_a.npz (973 KB)
  [m0] + 6o9c_a.npz (1079 KB)
  [m5] + 6am5_c.npz (1 KB)
  [m30] + 3lkr_c.npz (1 KB)
  [m46] + 1jht_c.npz (1 KB)
  [m23] + 1qvo_c.npz (1 KB)
  [m26] + 7zqi_b.npz (241 KB)
  [m12] + 3tie_a.npz (1009 KB)
  [m25] + 1n3n_i.npz (1 KB)
  [m14] + 1jgd_c.npz (1 KB)
  [m26] + 3kyo_a.npz (935 KB)
  [m20] + 2axf_a.npz (1000 KB)
  [m43] + 7ndt_a.npz (938 KB)
  [m36] + 3l3h_c.npz (1 KB)
  [m14] + 4pv9_b.npz (242 KB)
  [m16] + 7kgr_b.npz (247 KB)
  [m23] + 5ylx_a.npz (924 KB)
  [m40] + 7p4b_a.npz (957 KB)
  [m21] + 1eey_c.npz (1 KB)
  [m14] + 4l8b_c.npz (1 KB)
  [m33] + 3ln5_a.npz (994 KB)
  [m44] + 6j1w_a.npz (996 KB)
  [m5] + 7ji2_e.npz (1 KB)
  [m19] + 5wkf_c.npz (1 KB)
  [m24] + 6k7t_a.npz (922 KB)
  [m7] + 7eu2_a.npz (1029 KB)
  [m28] + 3ws3_e.npz (1 KB)
  [m7] + 6m2k_a.npz (1 KB)
  [m25] + 6jto_b.npz (249 KB)
  [m19] + 4prh_b.npz (254 KB)
  [m40] + 5swq_a.npz (981 KB)
  [m16] + 7lg3_c.npz (1 KB)
  [m44] + 6g9r_i.npz (1 KB)
  [m41] + 6jp3_c.npz (1 KB)
  [m10] + 2ypl_a.npz (966 KB)
  [m28] + 6mpp_b.npz (1 KB)
  [m14] + 8d5q_d.npz (1 KB)
  [m8] + 7wzz_c.npz (1 KB)
  [m28] + 5t6y_c.npz (1 KB)
  [m21] + 5f1i_c.npz (1 KB)
  [m7] + 1e28_a.npz (985 KB)
  [m36] + 7tud_a.npz (979 KB)
  [m19] + 7q9a_c.npz (1 KB)
  [m11] + 3rgv_c.npz (978 KB)
  [m16] + 3upr_b.npz (1 KB)
  [m37] + 7nmf_c.npz (1 KB)
  [m30] + 5acz_c.npz (1 KB)
  [m42] + 8d5n_b.npz (1 KB)
  [m34] + 6lhg_b.npz (269 KB)
  [m15] + 4cw1_a.npz (1048 KB)
  [m9] + 7xqu_a.npz (1004 KB)
  [m13] + 3wuw_a.npz (963 KB)
  [m5] + 6j2j_c.npz (1 KB)
  [m18] + 3p9m_a.npz (984 KB)
  [m42] + 1agd_c.npz (1 KB)
  [m29] + 3mro_c.npz (1 KB)
  [m19] + 4no5_b.npz (250 KB)
  [m40] + 6r2l_c.npz (1 KB)
  [m32] + 5h5z_a.npz (1144 KB)
  [m31] + 7m8u_c.npz (1 KB)
  [m15] + 7tlt_e.npz (1 KB)
  [m39] + 7pbc_e.npz (1 KB)
  [m4] + 6vb1_c.npz (1 KB)
  [m6] + 5kd7_c.npz (1 KB)
  [m41] + 4u1s_c.npz (1 KB)
  [m19] + 2e7l_e.npz (658 KB)
  [m37] + 8ht9_c.npz (1 KB)
  [m45] + 4g8g_a.npz (994 KB)
  [m40] + 4jqv_c.npz (1 KB)
  [m8] + 1vad_c.npz (1 KB)
  [m16] + 2p5w_b.npz (258 KB)
  [m46] + 3rwh_a.npz (1004 KB)
  [m35] + 6j2i_a.npz (932 KB)
  [m32] + 7jyv_c.npz (1 KB)
  [m12] + 2hjl_a.npz (943 KB)
  [m47] + 1i7u_c.npz (1 KB)
  [m12] + 5vvp_a.npz (979 KB)
  [m44] + 2yez_c.npz (1 KB)
  [m8] + 1qqd_c.npz (1 KB)
  [m45] + 7mj9_c.npz (1 KB)
done in 4.2 min: 151410 members walked, 1134 new files
have 1134/1134; missing 0
