want 480 files still missing; archive 64.9 GB
4 sub-ranges: 43.30-46.01GB, 46.01-48.71GB, 59.54-62.24GB, 62.24-64.95GB
  [w102] + 7p4b.npz (83 KB)
  [w102] + 3rol.npz (76 KB)
  [w102] + 1s7r.npz (79 KB)
  [w102] + 6vb1.npz (78 KB)
  [w102] + 5grd.npz (77 KB)
  [w101] + 6mt3.npz (78 KB)
  [w101] + 4pri.npz (160 KB)
  [w101] + 6ile.npz (76 KB)
  [w100] + 3dxa.npz (160 KB)
  [w101] + 7sis.npz (77 KB)
  [w101] + 1lk2.npz (78 KB)
  [w100] + 3kww.npz (80 KB)
  [w102] + 5eo0.npz (77 KB)
  [w101] + 2vaa.npz (76 KB)
  [w101] + 3mrn.npz (78 KB)
  [w102] + 4jfo.npz (79 KB)
  [w102] + 6pte.npz (76 KB)
  [w101] + 6uzp.npz (78 KB)
  [w102] + 5ad0.npz (77 KB)
  [w102] + 1vac.npz (77 KB)
  [w100] + 1s7t.npz (79 KB)
  [w100] + 6lah.npz (78 KB)
  [w100] + 6vb7.npz (78 KB)
  [w100] + 2j8u.npz (157 KB)
  [w100] + 7stf.npz (151 KB)
  [w102] + 3kyn.npz (76 KB)
  [w102] + 6j2j.npz (77 KB)
  [w102] + 1i7t.npz (77 KB)
  [w103] + 4l8d.npz (78 KB)
  [w102] + 4wu5.npz (76 KB)
  [w102] + 5j6g.npz (95 KB)
  [w101] + 3x13.npz (77 KB)
  [w100] + 6kx9.npz (75 KB)
  [w100] + 4n8v.npz (111 KB)
  [w102] + 6uzm.npz (78 KB)
  [w101] + 4n5e.npz (120 KB)
  [w100] + 7s8e.npz (78 KB)
  [w101] + 6ujq.npz (78 KB)
  [w103] + 3wuw.npz (129 KB)
  [w101] + 2qrt.npz (79 KB)
  [w101] + 8tq8.npz (151 KB)
  [w102] + 7wbi.npz (81 KB)
  [w101] + 6jtp.npz (77 KB)
  [w102] + 4wuu.npz (154 KB)
  [w101] + 6m24.npz (83 KB)
  [w102] + 6z9x.npz (79 KB)
  [w101] + 1fzj.npz (79 KB)
  [w100] + 7pbe.npz (161 KB)
  [w102] + 2x4p.npz (79 KB)
  [w103] + 6pyj.npz (77 KB)
  [w100] + 4cvx.npz (75 KB)
  [w103] + 3v5h.npz (77 KB)
  [w102] + 6ptb.npz (77 KB)
  [w102] + 7byd.npz (157 KB)
  [w102] + 5jwe.npz (78 KB)
  [w103] + 3kps.npz (158 KB)
  [w100] + 6vb0.npz (77 KB)
  [w102] + 1vad.npz (76 KB)
  [w100] + 1s7s.npz (77 KB)
  [w101] + 8shi.npz (165 KB)
  [w103] + 6j2d.npz (76 KB)
  [w102] + 6o51.npz (77 KB)
  [w103] + 6amu.npz (156 KB)
  [w101] + 6pyw.npz (76 KB)
  [w102] + 3rl2.npz (76 KB)
  [w101] + 6zkx.npz (156 KB)
  [w100] + 5acz.npz (76 KB)
  [w101] + 6iex.npz (76 KB)
  [w102] + 5eu5.npz (83 KB)
  [w101] + 8hsw.npz (75 KB)
  [w101] + 3kpn.npz (77 KB)
  [w100] + 5eo1.npz (77 KB)
  [w101] + 7n6d.npz (83 KB)
  [w103] + 3o3e.npz (78 KB)
  [w103] + 8gom.npz (159 KB)
  [w100] + 3e6f.npz (75 KB)
  [w100] + 2fyy.npz (76 KB)
  [w100] + 3kyo.npz (76 KB)
  [w100] + 1i7u.npz (76 KB)
  [w100] + 3qdg.npz (156 KB)
  [w100] + 2h6p.npz (76 KB)
  [w100] + 6g9r.npz (77 KB)
  [w100] + 8eo8.npz (159 KB)
  [w101] + 6rp9.npz (157 KB)
  [w101] + 6a6h.npz (74 KB)
  [w101] + 3bp7.npz (77 KB)
  [w101] + 4huw.npz (151 KB)
  [w101] + 1s9y.npz (78 KB)
  [w101] + 6vrm.npz (153 KB)
  [w101] + 5wsh.npz (77 KB)
  [w101] + 4nsk.npz (77 KB)
  [w101] + 7nmd.npz (79 KB)
  [w101] + 4hx1.npz (77 KB)
  [w101] + 5nq0.npz (79 KB)
  [w101] + 7n2q.npz (174 KB)
  [w101] + 3mrg.npz (78 KB)
  [w101] + 6j29.npz (77 KB)
  [w101] + 4jqx.npz (78 KB)
  [w101] + 7lgt.npz (77 KB)
  [w101] + 5hgd.npz (76 KB)
  [w101] + 3ln4.npz (77 KB)
  [w101] + 6y2a.npz (85 KB)
  [w101] + 5gr7.npz (77 KB)
  [w101] + 7st3.npz (92 KB)
  [w101] + 3fom.npz (76 KB)
  [w101] + 3ch1.npz (76 KB)
  [w101] + 3x14.npz (77 KB)
  [w101] + 1eez.npz (76 KB)
  [w101] + 1a1o.npz (76 KB)
  [w101] + 2qrs.npz (79 KB)
  [w101] + 3tid.npz (77 KB)
  [w101] + 1fzm.npz (79 KB)
  [w101] + 7lg3.npz (77 KB)
  [w101] + 4lcy.npz (56 KB)
  [w101] + 7ejl.npz (84 KB)
  [w101] + 6g3j.npz (77 KB)
  [w101] + 4cw1.npz (76 KB)
  [w101] + 1jf1.npz (76 KB)
extracted 118 in 1119s; outdir now 1286 npz
